
Gurobi 13.0.1 (mac64[rosetta2], Python) logging started Fri Jul 10 14:40:31 2026

Set parameter Username
Set parameter LicenseID to value 2764064
Set parameter LogFile to value "rosr_outputs/case_2/gurobi.log"
Academic license - for non-commercial use only - expires 2027-01-13
Set parameter OutputFlag to value 1
Set parameter Threads to value 8
Set parameter TimeLimit to value 300
Gurobi Optimizer version 13.0.1 build v13.0.1rc0 (mac64[rosetta2] - Darwin 24.6.0 24G720)

CPU model: Apple M1
Thread count: 8 physical cores, 8 logical processors, using up to 8 threads

Non-default parameters:
TimeLimit  300
Threads  8

Optimize a model with 44168 rows, 20720 columns and 134154 nonzeros (Max)
Model fingerprint: 0x0f0c34c0
Model has 19380 linear objective coefficients
Variable types: 20480 continuous, 240 integer (240 binary)
Coefficient statistics:
  Matrix range     [1e+00, 4e+01]
  Objective range  [3e+00, 3e+04]
  Bounds range     [1e+00, 1e+00]
  RHS range        [1e+00, 4e+01]

Found heuristic solution: objective -0.0000000
Presolve removed 5078 rows and 2084 columns
Presolve time: 0.32s
Presolved: 39090 rows, 18636 columns, 126947 nonzeros
Variable types: 18408 continuous, 228 integer (228 binary)

Deterministic concurrent LP optimizer: primal and dual simplex (primal and dual model)
Showing primal log only...

Root relaxation presolved: 39090 rows, 18636 columns, 126947 nonzeros


Root simplex log...

Iteration    Objective       Primal Inf.    Dual Inf.      Time
   19998    8.9093127e+04   0.000000e+00   2.975917e+06      5s
   24919    9.3796121e+04   0.000000e+00   1.683404e+07     10s
   31940    1.0129943e+05   0.000000e+00   7.352797e+06     15s
   38614    1.0385443e+05   0.000000e+00   2.420691e+08     20s
   42554    1.0516917e+05   0.000000e+00   3.301549e+07     25s
Concurrent spin time: 0.22s

Solved with dual simplex

Root relaxation: objective 2.064122e+05, 91543 iterations, 25.24 seconds (16.46 work units)

    Nodes    |    Current Node    |     Objective Bounds      |     Work
 Expl Unexpl |  Obj  Depth IntInf | Incumbent    BestBd   Gap | It/Node Time

     0     0 206412.246    0   98   -0.00000 206412.246      -     -   25s
H    0     0                    171192.57436 206412.246  20.6%     -   26s
H    0     0                    199638.44998 206412.246  3.39%     -   26s
H    0     0                    199673.42617 206412.246  3.37%     -   26s
H    0     0                    199888.41786 204186.631  2.15%     -   48s
H    0     0                    200292.00110 204186.631  1.94%     -   48s
     0     0 204186.631    0   98 200292.001 204186.631  1.94%     -   51s
     0     0 204022.577    0  100 200292.001 204022.577  1.86%     -   55s
     0     0 204022.577    0  102 200292.001 204022.577  1.86%     -   56s
     0     0 204022.577    0  102 200292.001 204022.577  1.86%     -   56s
H    0     0                    200327.92533 203877.915  1.77%     -   68s
H    0     0                    200499.18034 203877.915  1.69%     -   68s
H    0     0                    200772.50329 203877.915  1.55%     -   68s
H    0     0                    201087.43109 203877.915  1.39%     -   68s
H    0     0                    201168.60645 203877.915  1.35%     -   68s
H    0     0                    201221.23182 203877.915  1.32%     -   68s
H    0     0                    201356.47504 203877.915  1.25%     -   68s
H    0     0                    201457.58608 203877.915  1.20%     -   68s
     0     0 203877.828    0  118 201457.586 203877.828  1.20%     -   68s
     0     0 203872.637    0   97 201457.586 203872.637  1.20%     -   71s
H    0     0                    201498.16902 203872.489  1.18%     -   71s
H    0     0                    201698.85491 203872.489  1.08%     -   71s
H    0     0                    201783.64746 203872.489  1.04%     -   71s
     0     0 203872.489    0  100 201783.647 203872.489  1.04%     -   71s
     0     0 203865.832    0  104 201783.647 203865.832  1.03%     -   73s
     0     0 203865.789    0  100 201783.647 203865.789  1.03%     -   74s
     0     0 203865.697    0  100 201783.647 203865.697  1.03%     -   75s
     0     0 203865.605    0  100 201783.647 203865.605  1.03%     -   75s
     0     0 203865.605    0  101 201783.647 203865.605  1.03%     -   75s
     0     0 203864.497    0  101 201783.647 203864.497  1.03%     -   75s
     0     0 203864.497    0  101 201783.647 203864.497  1.03%     -   76s
H    0     0                    202123.88853 203864.497  0.86%     -   76s
     0     0 203864.497    0  101 202123.889 203864.497  0.86%     -   76s
     0     0 203864.497    0  100 202123.889 203864.497  0.86%     -   76s
H    0     0                    202189.58073 203864.497  0.83%     -   80s
H    0     2                    202416.20127 203864.497  0.72%     -   80s
     0     2 203864.497    0  100 202416.201 203864.497  0.72%     -   80s
     1     3 203706.491    1   98 202416.201 203864.497  0.72% 11104   87s
     2     2 203669.082    2  126 202416.201 203864.497  0.72%  9857   90s
    11     2     cutoff    6      202416.201 203338.326  0.46%  4855   98s
    13     2 202628.365    7   72 202416.201 202935.731  0.26%  5885  100s
    25     6     cutoff   12      202416.201 202564.923  0.07%  4060  105s

Cutting planes:
  Gomory: 1
  Implied bound: 105
  MIR: 993
  Flow cover: 1695
  RLT: 15
  Relax-and-lift: 15

Explored 51 nodes (307242 simplex iterations) in 105.45 seconds (112.60 work units)
Thread count was 8 (of 8 available processors)

Solution count 10: 202416 202190 201498 ... 200292

Optimal solution found (tolerance 1.00e-04)
Best objective 2.024162012674e+05, best bound 2.024162012674e+05, gap 0.0000%
Set parameter OutputFlag to value 1
Set parameter Threads to value 8
Set parameter TimeLimit to value 180
Gurobi Optimizer version 13.0.1 build v13.0.1rc0 (mac64[rosetta2] - Darwin 24.6.0 24G720)

CPU model: Apple M1
Thread count: 8 physical cores, 8 logical processors, using up to 8 threads

Non-default parameters:
TimeLimit  180
Threads  8

Optimize a model with 42280 rows, 20528 columns and 116430 nonzeros (Max)
Model fingerprint: 0x9136ebfd
Model has 19236 linear objective coefficients
Variable types: 20480 continuous, 48 integer (48 binary)
Coefficient statistics:
  Matrix range     [1e+00, 4e+01]
  Objective range  [3e+00, 3e+04]
  Bounds range     [1e+00, 1e+00]
  RHS range        [1e+00, 4e+01]

Found heuristic solution: objective -0.0000000
Presolve removed 17783 rows and 6936 columns
Presolve time: 0.13s
Presolved: 24497 rows, 13592 columns, 68237 nonzeros
Variable types: 13556 continuous, 36 integer (36 binary)

Root relaxation: objective 2.050286e+05, 27745 iterations, 1.25 seconds (1.20 work units)

    Nodes    |    Current Node    |     Objective Bounds      |     Work
 Expl Unexpl |  Obj  Depth IntInf | Incumbent    BestBd   Gap | It/Node Time

     0     0 205028.631    0   11   -0.00000 205028.631      -     -    1s
H    0     0                    175499.27315 205028.631  16.8%     -    1s
H    0     0                    195637.65083 205028.631  4.80%     -    1s
H    0     0                    199638.44998 205028.631  2.70%     -    1s
H    0     0                    199645.91482 205028.631  2.70%     -    1s
H    0     0                    199869.41428 203200.790  1.67%     -    3s
H    0     0                    201170.12476 203200.790  1.01%     -    3s
H    0     0                    201180.40117 203200.790  1.00%     -    3s
H    0     0                    201322.92271 203200.790  0.93%     -    3s
     0     0 203200.790    0   12 201322.923 203200.790  0.93%     -    4s
     0     0 202841.886    0   12 201322.923 202841.886  0.75%     -    4s
     0     0 202837.982    0   12 201322.923 202837.982  0.75%     -    4s
     0     0 202836.628    0   12 201322.923 202836.628  0.75%     -    4s
     0     0 202836.628    0   12 201322.923 202836.628  0.75%     -    4s
H    0     0                    202244.23072 202586.308  0.17%     -    6s
H    0     0                    202255.15434 202586.308  0.16%     -    6s
     0     0 202586.308    0   12 202255.154 202586.308  0.16%     -    6s
     0     0 202568.240    0   12 202255.154 202568.240  0.15%     -    6s
     0     0 202563.848    0   12 202255.154 202563.848  0.15%     -    6s
     0     0 202563.754    0   12 202255.154 202563.754  0.15%     -    6s
H    0     0                    202276.58055 202548.094  0.13%     -    6s
     0     0 202548.094    0   12 202276.581 202548.094  0.13%     -    7s
     0     0 202547.771    0   12 202276.581 202547.771  0.13%     -    7s
     0     0 202547.638    0   12 202276.581 202547.638  0.13%     -    7s
     0     0 202547.564    0   12 202276.581 202547.564  0.13%     -    7s
     0     0 202547.490    0   12 202276.581 202547.490  0.13%     -    7s
     0     0 202547.490    0   12 202276.581 202547.490  0.13%     -    7s
     0     0 202547.490    0   12 202276.581 202547.490  0.13%     -    7s
     0     0 202547.490    0   11 202276.581 202547.490  0.13%     -    9s
     0     0 202547.490    0   12 202276.581 202547.490  0.13%     -   10s
     0     0 202547.490    0   12 202276.581 202547.490  0.13%     -   10s
     0     0 202547.490    0   12 202276.581 202547.490  0.13%     -   10s
     0     0 202547.490    0   12 202276.581 202547.490  0.13%     -   10s
     0     0 202547.309    0   12 202276.581 202547.309  0.13%     -   10s
     0     0 202545.580    0   12 202276.581 202545.580  0.13%     -   11s
     0     0 202545.580    0   12 202276.581 202545.580  0.13%     -   11s
     0     0 202545.580    0   12 202276.581 202545.580  0.13%     -   11s
     0     0 202545.580    0   12 202276.581 202545.580  0.13%     -   11s
     0     0 202545.580    0   12 202276.581 202545.580  0.13%     -   11s
H    0     0                    202416.20127 202545.580  0.06%     -   11s
     0     2 202545.580    0   12 202416.201 202545.580  0.06%     -   11s

Cutting planes:
  MIR: 318
  Flow cover: 991
  RLT: 1

Explored 13 nodes (97513 simplex iterations) in 12.03 seconds (10.07 work units)
Thread count was 8 (of 8 available processors)

Solution count 9: 202416 202277 201180 ... -0

Optimal solution found (tolerance 1.00e-04)
Best objective 2.024162012674e+05, best bound 2.024162012674e+05, gap 0.0000%

Gurobi 13.0.1 (mac64[rosetta2], Python) logging started Fri Aug 21 10:52:30 2026

Set parameter Username
Set parameter LicenseID to value 2764064
Set parameter LogFile to value "rosr_outputs/case_2/gurobi.log"
Academic license - for non-commercial use only - expires 2027-01-13
Set parameter OutputFlag to value 1
Set parameter Threads to value 8
Set parameter TimeLimit to value 300
Gurobi Optimizer version 13.0.1 build v13.0.1rc0 (mac64[rosetta2] - Darwin 24.6.0 24G720)

CPU model: Apple M1
Thread count: 8 physical cores, 8 logical processors, using up to 8 threads

Non-default parameters:
TimeLimit  300
Threads  8

Optimize a model with 44168 rows, 20720 columns and 134154 nonzeros (Max)
Model fingerprint: 0x0f0c34c0
Model has 19380 linear objective coefficients
Variable types: 20480 continuous, 240 integer (240 binary)
Coefficient statistics:
  Matrix range     [1e+00, 4e+01]
  Objective range  [3e+00, 3e+04]
  Bounds range     [1e+00, 1e+00]
  RHS range        [1e+00, 4e+01]

Found heuristic solution: objective -0.0000000
Presolve removed 5078 rows and 2084 columns
Presolve time: 0.25s
Presolved: 39090 rows, 18636 columns, 126947 nonzeros
Variable types: 18408 continuous, 228 integer (228 binary)

Deterministic concurrent LP optimizer: primal and dual simplex (primal and dual model)
Showing primal log only...

Root relaxation presolved: 39090 rows, 18636 columns, 126947 nonzeros


Root simplex log...

Iteration    Objective       Primal Inf.    Dual Inf.      Time
   22695    9.1670380e+04   0.000000e+00   4.274150e+06      5s
   33447    1.0202841e+05   0.000000e+00   2.691256e+06     10s
   40634    1.0397658e+05   0.000000e+00   2.519809e+07     15s
Concurrent spin time: 0.56s

Solved with dual simplex

Root relaxation: objective 2.064122e+05, 91543 iterations, 18.19 seconds (16.46 work units)

    Nodes    |    Current Node    |     Objective Bounds      |     Work
 Expl Unexpl |  Obj  Depth IntInf | Incumbent    BestBd   Gap | It/Node Time

     0     0 206412.246    0   98   -0.00000 206412.246      -     -   18s
H    0     0                    171192.57436 206412.246  20.6%     -   19s
H    0     0                    199638.44998 206412.246  3.39%     -   19s
H    0     0                    199673.42617 206412.246  3.37%     -   19s
H    0     0                    199888.41786 204186.631  2.15%     -   38s
H    0     0                    200292.00110 204186.631  1.94%     -   38s
     0     0 204186.631    0   98 200292.001 204186.631  1.94%     -   41s
     0     0 204022.577    0  100 200292.001 204022.577  1.86%     -   44s
     0     0 204022.577    0  102 200292.001 204022.577  1.86%     -   45s
     0     0 204022.577    0  102 200292.001 204022.577  1.86%     -   45s
H    0     0                    200327.92533 203877.915  1.77%     -   54s
H    0     0                    200499.18034 203877.915  1.69%     -   54s
H    0     0                    200772.50329 203877.915  1.55%     -   54s
H    0     0                    201087.43109 203877.915  1.39%     -   54s
H    0     0                    201168.60645 203877.915  1.35%     -   54s
H    0     0                    201221.23182 203877.915  1.32%     -   54s
H    0     0                    201356.47504 203877.915  1.25%     -   54s
H    0     0                    201457.58608 203877.915  1.20%     -   54s
     0     0 203877.828    0  118 201457.586 203877.828  1.20%     -   54s
     0     0 203872.637    0   97 201457.586 203872.637  1.20%     -   56s
H    0     0                    201498.16902 203872.489  1.18%     -   56s
H    0     0                    201698.85491 203872.489  1.08%     -   56s
H    0     0                    201783.64746 203872.489  1.04%     -   56s
     0     0 203872.489    0  100 201783.647 203872.489  1.04%     -   57s
     0     0 203865.832    0  104 201783.647 203865.832  1.03%     -   58s
     0     0 203865.789    0  100 201783.647 203865.789  1.03%     -   59s
     0     0 203865.697    0  100 201783.647 203865.697  1.03%     -   60s
     0     0 203865.605    0  100 201783.647 203865.605  1.03%     -   60s
     0     0 203865.605    0  101 201783.647 203865.605  1.03%     -   60s
     0     0 203864.497    0  101 201783.647 203864.497  1.03%     -   60s
     0     0 203864.497    0  101 201783.647 203864.497  1.03%     -   61s
H    0     0                    202123.88853 203864.497  0.86%     -   61s
     0     0 203864.497    0  101 202123.889 203864.497  0.86%     -   61s
     0     0 203864.497    0  100 202123.889 203864.497  0.86%     -   61s
H    0     0                    202189.58073 203864.497  0.83%     -   64s
H    0     2                    202416.20127 203864.497  0.72%     -   65s
     0     2 203864.497    0  100 202416.201 203864.497  0.72%     -   65s
     1     3 203706.491    1   98 202416.201 203864.497  0.72% 11104   72s
     5     2 203584.963    3  109 202416.201 203584.963  0.58%  6485   75s
    11     2     cutoff    6      202416.201 203338.326  0.46%  4855   81s
    17     8 202603.032    9   60 202416.201 202603.882  0.09%  4990   86s

Cutting planes:
  Gomory: 1
  Implied bound: 105
  MIR: 993
  Flow cover: 1695
  RLT: 15
  Relax-and-lift: 15

Explored 51 nodes (307242 simplex iterations) in 87.70 seconds (112.60 work units)
Thread count was 8 (of 8 available processors)

Solution count 10: 202416 202190 201498 ... 200292

Optimal solution found (tolerance 1.00e-04)
Best objective 2.024162012674e+05, best bound 2.024162012674e+05, gap 0.0000%
Set parameter OutputFlag to value 1
Set parameter Threads to value 8
Set parameter TimeLimit to value 180
Gurobi Optimizer version 13.0.1 build v13.0.1rc0 (mac64[rosetta2] - Darwin 24.6.0 24G720)

CPU model: Apple M1
Thread count: 8 physical cores, 8 logical processors, using up to 8 threads

Non-default parameters:
TimeLimit  180
Threads  8

Optimize a model with 42280 rows, 20528 columns and 116430 nonzeros (Max)
Model fingerprint: 0x9136ebfd
Model has 19236 linear objective coefficients
Variable types: 20480 continuous, 48 integer (48 binary)
Coefficient statistics:
  Matrix range     [1e+00, 4e+01]
  Objective range  [3e+00, 3e+04]
  Bounds range     [1e+00, 1e+00]
  RHS range        [1e+00, 4e+01]

Found heuristic solution: objective -0.0000000
Presolve removed 17783 rows and 6936 columns
Presolve time: 0.12s
Presolved: 24497 rows, 13592 columns, 68237 nonzeros
Variable types: 13556 continuous, 36 integer (36 binary)

Root relaxation: objective 2.050286e+05, 27745 iterations, 1.18 seconds (1.20 work units)

    Nodes    |    Current Node    |     Objective Bounds      |     Work
 Expl Unexpl |  Obj  Depth IntInf | Incumbent    BestBd   Gap | It/Node Time

     0     0 205028.631    0   11   -0.00000 205028.631      -     -    1s
H    0     0                    175499.27315 205028.631  16.8%     -    1s
H    0     0                    195637.65083 205028.631  4.80%     -    1s
H    0     0                    199638.44998 205028.631  2.70%     -    1s
H    0     0                    199645.91482 205028.631  2.70%     -    1s
H    0     0                    199869.41428 203200.790  1.67%     -    3s
H    0     0                    201170.12476 203200.790  1.01%     -    3s
H    0     0                    201180.40117 203200.790  1.00%     -    3s
H    0     0                    201322.92271 203200.790  0.93%     -    3s
     0     0 203200.790    0   12 201322.923 203200.790  0.93%     -    3s
     0     0 202841.886    0   12 201322.923 202841.886  0.75%     -    4s
     0     0 202837.982    0   12 201322.923 202837.982  0.75%     -    4s
     0     0 202836.628    0   12 201322.923 202836.628  0.75%     -    4s
     0     0 202836.628    0   12 201322.923 202836.628  0.75%     -    4s
H    0     0                    202244.23072 202586.308  0.17%     -    5s
H    0     0                    202255.15434 202586.308  0.16%     -    5s
     0     0 202586.308    0   12 202255.154 202586.308  0.16%     -    5s
     0     0 202568.240    0   12 202255.154 202568.240  0.15%     -    5s
     0     0 202563.848    0   12 202255.154 202563.848  0.15%     -    5s
     0     0 202563.754    0   12 202255.154 202563.754  0.15%     -    5s
H    0     0                    202276.58055 202548.094  0.13%     -    6s
     0     0 202548.094    0   12 202276.581 202548.094  0.13%     -    6s
     0     0 202547.771    0   12 202276.581 202547.771  0.13%     -    6s
     0     0 202547.638    0   12 202276.581 202547.638  0.13%     -    6s
     0     0 202547.564    0   12 202276.581 202547.564  0.13%     -    6s
     0     0 202547.490    0   12 202276.581 202547.490  0.13%     -    6s
     0     0 202547.490    0   12 202276.581 202547.490  0.13%     -    6s
     0     0 202547.490    0   12 202276.581 202547.490  0.13%     -    6s
     0     0 202547.490    0   11 202276.581 202547.490  0.13%     -    7s
     0     0 202547.490    0   12 202276.581 202547.490  0.13%     -    8s
     0     0 202547.490    0   12 202276.581 202547.490  0.13%     -    9s
     0     0 202547.490    0   12 202276.581 202547.490  0.13%     -    9s
     0     0 202547.490    0   12 202276.581 202547.490  0.13%     -    9s
     0     0 202547.309    0   12 202276.581 202547.309  0.13%     -    9s
     0     0 202545.580    0   12 202276.581 202545.580  0.13%     -    9s
     0     0 202545.580    0   12 202276.581 202545.580  0.13%     -    9s
     0     0 202545.580    0   12 202276.581 202545.580  0.13%     -    9s
     0     0 202545.580    0   12 202276.581 202545.580  0.13%     -    9s
     0     0 202545.580    0   12 202276.581 202545.580  0.13%     -   10s
H    0     0                    202416.20127 202545.580  0.06%     -   10s
     0     2 202545.580    0   12 202416.201 202545.580  0.06%     -   10s

Cutting planes:
  MIR: 318
  Flow cover: 991
  RLT: 1

Explored 13 nodes (97513 simplex iterations) in 10.55 seconds (10.07 work units)
Thread count was 8 (of 8 available processors)

Solution count 9: 202416 202277 201180 ... -0

Optimal solution found (tolerance 1.00e-04)
Best objective 2.024162012674e+05, best bound 2.024162012674e+05, gap 0.0000%

Gurobi 13.0.1 (mac64[rosetta2], Python) logging started Fri Aug 21 11:14:22 2026

Set parameter Username
Set parameter LicenseID to value 2764064
Set parameter LogFile to value "rosr_outputs/case_2/gurobi.log"
Academic license - for non-commercial use only - expires 2027-01-13
Set parameter OutputFlag to value 1
Set parameter Threads to value 8
Set parameter TimeLimit to value 300
Gurobi Optimizer version 13.0.1 build v13.0.1rc0 (mac64[rosetta2] - Darwin 24.6.0 24G720)

CPU model: Apple M1
Thread count: 8 physical cores, 8 logical processors, using up to 8 threads

Non-default parameters:
TimeLimit  300
Threads  8

Optimize a model with 44168 rows, 20720 columns and 134154 nonzeros (Max)
Model fingerprint: 0x0f0c34c0
Model has 19380 linear objective coefficients
Variable types: 20480 continuous, 240 integer (240 binary)
Coefficient statistics:
  Matrix range     [1e+00, 4e+01]
  Objective range  [3e+00, 3e+04]
  Bounds range     [1e+00, 1e+00]
  RHS range        [1e+00, 4e+01]

Found heuristic solution: objective -0.0000000
Presolve removed 5078 rows and 2084 columns
Presolve time: 0.25s
Presolved: 39090 rows, 18636 columns, 126947 nonzeros
Variable types: 18408 continuous, 228 integer (228 binary)

Deterministic concurrent LP optimizer: primal and dual simplex (primal and dual model)
Showing primal log only...

Root relaxation presolved: 39090 rows, 18636 columns, 126947 nonzeros


Root simplex log...

Iteration    Objective       Primal Inf.    Dual Inf.      Time
   22935    9.2037242e+04   0.000000e+00   1.037291e+07      5s
   33567    1.0205930e+05   0.000000e+00   1.918052e+06     10s
   40634    1.0397658e+05   0.000000e+00   2.519809e+07     15s
Concurrent spin time: 0.63s

Solved with dual simplex

Root relaxation: objective 2.064122e+05, 91543 iterations, 17.92 seconds (16.46 work units)

    Nodes    |    Current Node    |     Objective Bounds      |     Work
 Expl Unexpl |  Obj  Depth IntInf | Incumbent    BestBd   Gap | It/Node Time

     0     0 206412.246    0   98   -0.00000 206412.246      -     -   18s
H    0     0                    171192.57436 206412.246  20.6%     -   19s
H    0     0                    199638.44998 206412.246  3.39%     -   19s
H    0     0                    199673.42617 206412.246  3.37%     -   19s
H    0     0                    199888.41786 204186.631  2.15%     -   35s
H    0     0                    200292.00110 204186.631  1.94%     -   35s
     0     0 204186.631    0   98 200292.001 204186.631  1.94%     -   37s
     0     0 204022.577    0  100 200292.001 204022.577  1.86%     -   41s
     0     0 204022.577    0  102 200292.001 204022.577  1.86%     -   42s
     0     0 204022.577    0  102 200292.001 204022.577  1.86%     -   42s
H    0     0                    200327.92533 203877.915  1.77%     -   50s
H    0     0                    200499.18034 203877.915  1.69%     -   50s
H    0     0                    200772.50329 203877.915  1.55%     -   50s
H    0     0                    201087.43109 203877.915  1.39%     -   50s
H    0     0                    201168.60645 203877.915  1.35%     -   50s
H    0     0                    201221.23182 203877.915  1.32%     -   50s
H    0     0                    201356.47504 203877.915  1.25%     -   50s
H    0     0                    201457.58608 203877.915  1.20%     -   50s
     0     0 203877.828    0  118 201457.586 203877.828  1.20%     -   50s
     0     0 203872.637    0   97 201457.586 203872.637  1.20%     -   52s
H    0     0                    201498.16902 203872.489  1.18%     -   52s
H    0     0                    201698.85491 203872.489  1.08%     -   52s
H    0     0                    201783.64746 203872.489  1.04%     -   52s
     0     0 203872.489    0  100 201783.647 203872.489  1.04%     -   52s
     0     0 203865.832    0  104 201783.647 203865.832  1.03%     -   54s
     0     0 203865.789    0  100 201783.647 203865.789  1.03%     -   54s
     0     0 203865.697    0  100 201783.647 203865.697  1.03%     -   55s
     0     0 203865.605    0  100 201783.647 203865.605  1.03%     -   55s
     0     0 203865.605    0  101 201783.647 203865.605  1.03%     -   55s
     0     0 203864.497    0  101 201783.647 203864.497  1.03%     -   55s
     0     0 203864.497    0  101 201783.647 203864.497  1.03%     -   56s
H    0     0                    202123.88853 203864.497  0.86%     -   56s
     0     0 203864.497    0  101 202123.889 203864.497  0.86%     -   56s
     0     0 203864.497    0  100 202123.889 203864.497  0.86%     -   56s
H    0     0                    202189.58073 203864.497  0.83%     -   59s
H    0     2                    202416.20127 203864.497  0.72%     -   60s
     0     2 203864.497    0  100 202416.201 203864.497  0.72%     -   60s
     1     3 203706.491    1   98 202416.201 203864.497  0.72% 11104   67s
     5     2 203584.963    3  109 202416.201 203584.963  0.58%  6485   70s
    11     2     cutoff    6      202416.201 203338.326  0.46%  4855   76s
    17     8 202603.032    9   60 202416.201 202603.882  0.09%  4990   80s

Cutting planes:
  Gomory: 1
  Implied bound: 105
  MIR: 993
  Flow cover: 1695
  RLT: 15
  Relax-and-lift: 15

Explored 51 nodes (307242 simplex iterations) in 81.91 seconds (112.60 work units)
Thread count was 8 (of 8 available processors)

Solution count 10: 202416 202190 201498 ... 200292

Optimal solution found (tolerance 1.00e-04)
Best objective 2.024162012674e+05, best bound 2.024162012674e+05, gap 0.0000%
Set parameter OutputFlag to value 1
Set parameter Threads to value 8
Set parameter TimeLimit to value 180
Gurobi Optimizer version 13.0.1 build v13.0.1rc0 (mac64[rosetta2] - Darwin 24.6.0 24G720)

CPU model: Apple M1
Thread count: 8 physical cores, 8 logical processors, using up to 8 threads

Non-default parameters:
TimeLimit  180
Threads  8

Optimize a model with 42280 rows, 20528 columns and 116430 nonzeros (Max)
Model fingerprint: 0x9136ebfd
Model has 19236 linear objective coefficients
Variable types: 20480 continuous, 48 integer (48 binary)
Coefficient statistics:
  Matrix range     [1e+00, 4e+01]
  Objective range  [3e+00, 3e+04]
  Bounds range     [1e+00, 1e+00]
  RHS range        [1e+00, 4e+01]

Found heuristic solution: objective -0.0000000
Presolve removed 17783 rows and 6936 columns
Presolve time: 0.21s
Presolved: 24497 rows, 13592 columns, 68237 nonzeros
Variable types: 13556 continuous, 36 integer (36 binary)

Root relaxation: objective 2.050286e+05, 27745 iterations, 1.13 seconds (1.20 work units)

    Nodes    |    Current Node    |     Objective Bounds      |     Work
 Expl Unexpl |  Obj  Depth IntInf | Incumbent    BestBd   Gap | It/Node Time

     0     0 205028.631    0   11   -0.00000 205028.631      -     -    1s
H    0     0                    175499.27315 205028.631  16.8%     -    1s
H    0     0                    195637.65083 205028.631  4.80%     -    1s
H    0     0                    199638.44998 205028.631  2.70%     -    1s
H    0     0                    199645.91482 205028.631  2.70%     -    1s
H    0     0                    199869.41428 203200.790  1.67%     -    3s
H    0     0                    201170.12476 203200.790  1.01%     -    3s
H    0     0                    201180.40117 203200.790  1.00%     -    3s
H    0     0                    201322.92271 203200.790  0.93%     -    3s
     0     0 203200.790    0   12 201322.923 203200.790  0.93%     -    3s
     0     0 202841.886    0   12 201322.923 202841.886  0.75%     -    3s
     0     0 202837.982    0   12 201322.923 202837.982  0.75%     -    4s
     0     0 202836.628    0   12 201322.923 202836.628  0.75%     -    4s
     0     0 202836.628    0   12 201322.923 202836.628  0.75%     -    4s
H    0     0                    202244.23072 202586.308  0.17%     -    4s
H    0     0                    202255.15434 202586.308  0.16%     -    4s
     0     0 202586.308    0   12 202255.154 202586.308  0.16%     -    4s
     0     0 202568.240    0   12 202255.154 202568.240  0.15%     -    5s
     0     0 202563.848    0   12 202255.154 202563.848  0.15%     -    5s
     0     0 202563.754    0   12 202255.154 202563.754  0.15%     -    5s
H    0     0                    202276.58055 202548.094  0.13%     -    5s
     0     0 202548.094    0   12 202276.581 202548.094  0.13%     -    5s
     0     0 202547.771    0   12 202276.581 202547.771  0.13%     -    5s
     0     0 202547.638    0   12 202276.581 202547.638  0.13%     -    6s
     0     0 202547.564    0   12 202276.581 202547.564  0.13%     -    6s
     0     0 202547.490    0   12 202276.581 202547.490  0.13%     -    6s
     0     0 202547.490    0   12 202276.581 202547.490  0.13%     -    6s
     0     0 202547.490    0   12 202276.581 202547.490  0.13%     -    6s
     0     0 202547.490    0   11 202276.581 202547.490  0.13%     -    7s
     0     0 202547.490    0   12 202276.581 202547.490  0.13%     -    8s
     0     0 202547.490    0   12 202276.581 202547.490  0.13%     -    8s
     0     0 202547.490    0   12 202276.581 202547.490  0.13%     -    8s
     0     0 202547.490    0   12 202276.581 202547.490  0.13%     -    9s
     0     0 202547.309    0   12 202276.581 202547.309  0.13%     -    9s
     0     0 202545.580    0   12 202276.581 202545.580  0.13%     -    9s
     0     0 202545.580    0   12 202276.581 202545.580  0.13%     -    9s
     0     0 202545.580    0   12 202276.581 202545.580  0.13%     -    9s
     0     0 202545.580    0   12 202276.581 202545.580  0.13%     -    9s
     0     0 202545.580    0   12 202276.581 202545.580  0.13%     -    9s
H    0     0                    202416.20127 202545.580  0.06%     -    9s
     0     2 202545.580    0   12 202416.201 202545.580  0.06%     -    9s

Cutting planes:
  MIR: 318
  Flow cover: 991
  RLT: 1

Explored 13 nodes (97513 simplex iterations) in 10.01 seconds (10.07 work units)
Thread count was 8 (of 8 available processors)

Solution count 9: 202416 202277 201180 ... -0

Optimal solution found (tolerance 1.00e-04)
Best objective 2.024162012674e+05, best bound 2.024162012674e+05, gap 0.0000%

Gurobi 13.0.1 (mac64[rosetta2], Python) logging started Sat Aug 22 18:23:34 2026

Set parameter Username
Set parameter LicenseID to value 2764064
Set parameter LogFile to value "rosr_outputs/case_2/gurobi.log"
Academic license - for non-commercial use only - expires 2027-01-13
Set parameter OutputFlag to value 1
Set parameter Threads to value 8
Set parameter TimeLimit to value 900
Gurobi Optimizer version 13.0.1 build v13.0.1rc0 (mac64[rosetta2] - Darwin 24.6.0 24G720)

CPU model: Apple M1
Thread count: 8 physical cores, 8 logical processors, using up to 8 threads

Non-default parameters:
TimeLimit  900
Threads  8

Optimize a model with 44168 rows, 20720 columns and 134154 nonzeros (Max)
Model fingerprint: 0x0f0c34c0
Model has 19380 linear objective coefficients
Variable types: 20480 continuous, 240 integer (240 binary)
Coefficient statistics:
  Matrix range     [1e+00, 4e+01]
  Objective range  [3e+00, 3e+04]
  Bounds range     [1e+00, 1e+00]
  RHS range        [1e+00, 4e+01]

Found heuristic solution: objective -0.0000000
Presolve removed 5078 rows and 2084 columns
Presolve time: 0.26s
Presolved: 39090 rows, 18636 columns, 126947 nonzeros
Variable types: 18408 continuous, 228 integer (228 binary)

Deterministic concurrent LP optimizer: primal and dual simplex (primal and dual model)
Showing primal log only...

Root relaxation presolved: 39090 rows, 18636 columns, 126947 nonzeros


Root simplex log...

Iteration    Objective       Primal Inf.    Dual Inf.      Time
   21505    9.0119510e+04   0.000000e+00   2.723969e+06      5s
   28613    9.7814094e+04   0.000000e+00   5.070277e+08     10s
   33927    1.0221760e+05   0.000000e+00   1.788541e+07     15s
   40514    1.0396093e+05   0.000000e+00   3.069364e+07     20s
Concurrent spin time: 0.16s

Solved with dual simplex

Root relaxation: objective 2.064122e+05, 91543 iterations, 23.41 seconds (16.46 work units)

    Nodes    |    Current Node    |     Objective Bounds      |     Work
 Expl Unexpl |  Obj  Depth IntInf | Incumbent    BestBd   Gap | It/Node Time

     0     0 206412.246    0   98   -0.00000 206412.246      -     -   23s
H    0     0                    171192.57436 206412.246  20.6%     -   25s
H    0     0                    199638.44998 206412.246  3.39%     -   25s
H    0     0                    199673.42617 206412.246  3.37%     -   25s
H    0     0                    199888.41786 204186.631  2.15%     -   43s
H    0     0                    200292.00110 204186.631  1.94%     -   43s
     0     0 204186.631    0   98 200292.001 204186.631  1.94%     -   46s
     0     0 204022.577    0  100 200292.001 204022.577  1.86%     -   50s
     0     0 204022.577    0  102 200292.001 204022.577  1.86%     -   51s
     0     0 204022.577    0  102 200292.001 204022.577  1.86%     -   51s
H    0     0                    200327.92533 203877.915  1.77%     -   59s
H    0     0                    200499.18034 203877.915  1.69%     -   59s
H    0     0                    200772.50329 203877.915  1.55%     -   59s
H    0     0                    201087.43109 203877.915  1.39%     -   59s
H    0     0                    201168.60645 203877.915  1.35%     -   59s
H    0     0                    201221.23182 203877.915  1.32%     -   59s
H    0     0                    201356.47504 203877.915  1.25%     -   59s
H    0     0                    201457.58608 203877.915  1.20%     -   59s
     0     0 203877.828    0  118 201457.586 203877.828  1.20%     -   60s
     0     0 203872.637    0   97 201457.586 203872.637  1.20%     -   61s
H    0     0                    201498.16902 203872.489  1.18%     -   62s
H    0     0                    201698.85491 203872.489  1.08%     -   62s
H    0     0                    201783.64746 203872.489  1.04%     -   62s
     0     0 203872.489    0  100 201783.647 203872.489  1.04%     -   62s
     0     0 203865.832    0  104 201783.647 203865.832  1.03%     -   64s
     0     0 203865.789    0  100 201783.647 203865.789  1.03%     -   64s
     0     0 203865.697    0  100 201783.647 203865.697  1.03%     -   65s
     0     0 203865.605    0  100 201783.647 203865.605  1.03%     -   65s
     0     0 203865.605    0  101 201783.647 203865.605  1.03%     -   66s
     0     0 203864.497    0  101 201783.647 203864.497  1.03%     -   66s
     0     0 203864.497    0  101 201783.647 203864.497  1.03%     -   66s
H    0     0                    202123.88853 203864.497  0.86%     -   67s
     0     0 203864.497    0  101 202123.889 203864.497  0.86%     -   67s
     0     0 203864.497    0  100 202123.889 203864.497  0.86%     -   67s
H    0     0                    202189.58073 203864.497  0.83%     -   70s
H    0     2                    202416.20127 203864.497  0.72%     -   70s
     0     2 203864.497    0  100 202416.201 203864.497  0.72%     -   70s
     1     3 203706.491    1   98 202416.201 203864.497  0.72% 11104   77s
     5     2 203584.963    3  109 202416.201 203584.963  0.58%  6485   80s
    11     2     cutoff    6      202416.201 203338.326  0.46%  4855   87s
    15     4 202604.114    8   66 202416.201 202628.082  0.10%  5236   90s

Cutting planes:
  Gomory: 1
  Implied bound: 105
  MIR: 993
  Flow cover: 1695
  RLT: 15
  Relax-and-lift: 15

Explored 51 nodes (307242 simplex iterations) in 93.66 seconds (112.60 work units)
Thread count was 8 (of 8 available processors)

Solution count 10: 202416 202190 201498 ... 200292

Optimal solution found (tolerance 1.00e-04)
Best objective 2.024162012674e+05, best bound 2.024162012674e+05, gap 0.0000%
Set parameter OutputFlag to value 1
Set parameter Threads to value 8
Set parameter TimeLimit to value 900
Gurobi Optimizer version 13.0.1 build v13.0.1rc0 (mac64[rosetta2] - Darwin 24.6.0 24G720)

CPU model: Apple M1
Thread count: 8 physical cores, 8 logical processors, using up to 8 threads

Non-default parameters:
TimeLimit  900
Threads  8

Optimize a model with 42280 rows, 20528 columns and 116430 nonzeros (Max)
Model fingerprint: 0x9136ebfd
Model has 19236 linear objective coefficients
Variable types: 20480 continuous, 48 integer (48 binary)
Coefficient statistics:
  Matrix range     [1e+00, 4e+01]
  Objective range  [3e+00, 3e+04]
  Bounds range     [1e+00, 1e+00]
  RHS range        [1e+00, 4e+01]

Found heuristic solution: objective -0.0000000
Presolve removed 17783 rows and 6936 columns
Presolve time: 0.12s
Presolved: 24497 rows, 13592 columns, 68237 nonzeros
Variable types: 13556 continuous, 36 integer (36 binary)

Root relaxation: objective 2.050286e+05, 27745 iterations, 1.20 seconds (1.20 work units)

    Nodes    |    Current Node    |     Objective Bounds      |     Work
 Expl Unexpl |  Obj  Depth IntInf | Incumbent    BestBd   Gap | It/Node Time

     0     0 205028.631    0   11   -0.00000 205028.631      -     -    1s
H    0     0                    175499.27315 205028.631  16.8%     -    1s
H    0     0                    195637.65083 205028.631  4.80%     -    1s
H    0     0                    199638.44998 205028.631  2.70%     -    1s
H    0     0                    199645.91482 205028.631  2.70%     -    1s
H    0     0                    199869.41428 203200.790  1.67%     -    3s
H    0     0                    201170.12476 203200.790  1.01%     -    3s
H    0     0                    201180.40117 203200.790  1.00%     -    3s
H    0     0                    201322.92271 203200.790  0.93%     -    3s
     0     0 203200.790    0   12 201322.923 203200.790  0.93%     -    3s
     0     0 202841.886    0   12 201322.923 202841.886  0.75%     -    4s
     0     0 202837.982    0   12 201322.923 202837.982  0.75%     -    4s
     0     0 202836.628    0   12 201322.923 202836.628  0.75%     -    4s
     0     0 202836.628    0   12 201322.923 202836.628  0.75%     -    4s
H    0     0                    202244.23072 202586.308  0.17%     -    5s
H    0     0                    202255.15434 202586.308  0.16%     -    5s
     0     0 202586.308    0   12 202255.154 202586.308  0.16%     -    5s
     0     0 202568.240    0   12 202255.154 202568.240  0.15%     -    5s
     0     0 202563.848    0   12 202255.154 202563.848  0.15%     -    5s
     0     0 202563.754    0   12 202255.154 202563.754  0.15%     -    5s
H    0     0                    202276.58055 202548.094  0.13%     -    6s
     0     0 202548.094    0   12 202276.581 202548.094  0.13%     -    6s
     0     0 202547.771    0   12 202276.581 202547.771  0.13%     -    6s
     0     0 202547.638    0   12 202276.581 202547.638  0.13%     -    6s
     0     0 202547.564    0   12 202276.581 202547.564  0.13%     -    6s
     0     0 202547.490    0   12 202276.581 202547.490  0.13%     -    6s
     0     0 202547.490    0   12 202276.581 202547.490  0.13%     -    7s
     0     0 202547.490    0   12 202276.581 202547.490  0.13%     -    7s
     0     0 202547.490    0   11 202276.581 202547.490  0.13%     -    8s
     0     0 202547.490    0   12 202276.581 202547.490  0.13%     -    9s
     0     0 202547.490    0   12 202276.581 202547.490  0.13%     -   10s
     0     0 202547.490    0   12 202276.581 202547.490  0.13%     -   10s
     0     0 202547.490    0   12 202276.581 202547.490  0.13%     -   10s
     0     0 202547.309    0   12 202276.581 202547.309  0.13%     -   10s
     0     0 202545.580    0   12 202276.581 202545.580  0.13%     -   10s
     0     0 202545.580    0   12 202276.581 202545.580  0.13%     -   10s
     0     0 202545.580    0   12 202276.581 202545.580  0.13%     -   10s
     0     0 202545.580    0   12 202276.581 202545.580  0.13%     -   11s
     0     0 202545.580    0   12 202276.581 202545.580  0.13%     -   11s
H    0     0                    202416.20127 202545.580  0.06%     -   11s
     0     2 202545.580    0   12 202416.201 202545.580  0.06%     -   11s

Cutting planes:
  MIR: 318
  Flow cover: 991
  RLT: 1

Explored 13 nodes (97513 simplex iterations) in 12.16 seconds (10.07 work units)
Thread count was 8 (of 8 available processors)

Solution count 9: 202416 202277 201180 ... -0

Optimal solution found (tolerance 1.00e-04)
Best objective 2.024162012674e+05, best bound 2.024162012674e+05, gap 0.0000%

Gurobi 13.0.1 (mac64[rosetta2], Python) logging started Sat Aug 22 22:18:29 2026

Set parameter Username
Set parameter LicenseID to value 2764064
Set parameter LogFile to value "rosr_outputs/case_2/gurobi.log"
Academic license - for non-commercial use only - expires 2027-01-13
Set parameter OutputFlag to value 1
Set parameter Threads to value 8
Set parameter TimeLimit to value 300
Gurobi Optimizer version 13.0.1 build v13.0.1rc0 (mac64[rosetta2] - Darwin 24.6.0 24G720)

CPU model: Apple M1
Thread count: 8 physical cores, 8 logical processors, using up to 8 threads

Non-default parameters:
TimeLimit  300
Threads  8

Optimize a model with 44168 rows, 20720 columns and 134154 nonzeros (Max)
Model fingerprint: 0x0f0c34c0
Model has 19380 linear objective coefficients
Variable types: 20480 continuous, 240 integer (240 binary)
Coefficient statistics:
  Matrix range     [1e+00, 4e+01]
  Objective range  [3e+00, 3e+04]
  Bounds range     [1e+00, 1e+00]
  RHS range        [1e+00, 4e+01]

Found heuristic solution: objective -0.0000000
Presolve removed 5078 rows and 2084 columns
Presolve time: 0.24s
Presolved: 39090 rows, 18636 columns, 126947 nonzeros
Variable types: 18408 continuous, 228 integer (228 binary)

Deterministic concurrent LP optimizer: primal and dual simplex (primal and dual model)
Showing primal log only...

Root relaxation presolved: 39090 rows, 18636 columns, 126947 nonzeros


Root simplex log...

Iteration    Objective       Primal Inf.    Dual Inf.      Time
   22695    9.1670380e+04   0.000000e+00   4.274150e+06      5s
   33307    1.0199053e+05   0.000000e+00   4.286691e+06     10s
   40154    1.0392569e+05   0.000000e+00   6.645963e+06     15s
Concurrent spin time: 0.44s

Solved with dual simplex

Root relaxation: objective 2.064122e+05, 91543 iterations, 18.20 seconds (16.46 work units)

    Nodes    |    Current Node    |     Objective Bounds      |     Work
 Expl Unexpl |  Obj  Depth IntInf | Incumbent    BestBd   Gap | It/Node Time

     0     0 206412.246    0   98   -0.00000 206412.246      -     -   18s
H    0     0                    171192.57436 206412.246  20.6%     -   19s
H    0     0                    199638.44998 206412.246  3.39%     -   19s
H    0     0                    199673.42617 206412.246  3.37%     -   19s
H    0     0                    199888.41786 204186.631  2.15%     -   36s
H    0     0                    200292.00110 204186.631  1.94%     -   36s
     0     0 204186.631    0   98 200292.001 204186.631  1.94%     -   38s
     0     0 204022.577    0  100 200292.001 204022.577  1.86%     -   42s
     0     0 204022.577    0  102 200292.001 204022.577  1.86%     -   42s
     0     0 204022.577    0  102 200292.001 204022.577  1.86%     -   43s
H    0     0                    200327.92533 203877.915  1.77%     -   52s
H    0     0                    200499.18034 203877.915  1.69%     -   52s
H    0     0                    200772.50329 203877.915  1.55%     -   52s
H    0     0                    201087.43109 203877.915  1.39%     -   52s
H    0     0                    201168.60645 203877.915  1.35%     -   52s
H    0     0                    201221.23182 203877.915  1.32%     -   52s
H    0     0                    201356.47504 203877.915  1.25%     -   52s
H    0     0                    201457.58608 203877.915  1.20%     -   52s
     0     0 203877.828    0  118 201457.586 203877.828  1.20%     -   53s
     0     0 203872.637    0   97 201457.586 203872.637  1.20%     -   55s
H    0     0                    201498.16902 203872.489  1.18%     -   55s
H    0     0                    201698.85491 203872.489  1.08%     -   55s
H    0     0                    201783.64746 203872.489  1.04%     -   55s
     0     0 203872.489    0  100 201783.647 203872.489  1.04%     -   55s
     0     0 203865.832    0  104 201783.647 203865.832  1.03%     -   57s
     0     0 203865.789    0  100 201783.647 203865.789  1.03%     -   57s
     0     0 203865.697    0  100 201783.647 203865.697  1.03%     -   58s
     0     0 203865.605    0  100 201783.647 203865.605  1.03%     -   58s
     0     0 203865.605    0  101 201783.647 203865.605  1.03%     -   59s
     0     0 203864.497    0  101 201783.647 203864.497  1.03%     -   59s
     0     0 203864.497    0  101 201783.647 203864.497  1.03%     -   59s
H    0     0                    202123.88853 203864.497  0.86%     -   59s
     0     0 203864.497    0  101 202123.889 203864.497  0.86%     -   59s
     0     0 203864.497    0  100 202123.889 203864.497  0.86%     -   60s
H    0     0                    202189.58073 203864.497  0.83%     -   63s
H    0     2                    202416.20127 203864.497  0.72%     -   63s
     0     2 203864.497    0  100 202416.201 203864.497  0.72%     -   63s
     1     3 203706.491    1   98 202416.201 203864.497  0.72% 11104   70s
     7     2     cutoff    4      202416.201 203584.914  0.58%  5701   75s
    11     2     cutoff    6      202416.201 203338.326  0.46%  4855   80s
    17     8 202603.032    9   60 202416.201 202603.882  0.09%  4990   85s

Cutting planes:
  Gomory: 1
  Implied bound: 105
  MIR: 993
  Flow cover: 1695
  RLT: 15
  Relax-and-lift: 15

Explored 51 nodes (307242 simplex iterations) in 86.41 seconds (112.60 work units)
Thread count was 8 (of 8 available processors)

Solution count 10: 202416 202190 201498 ... 200292

Optimal solution found (tolerance 1.00e-04)
Best objective 2.024162012674e+05, best bound 2.024162012674e+05, gap 0.0000%
Set parameter OutputFlag to value 1
Set parameter Threads to value 8
Set parameter TimeLimit to value 180
Gurobi Optimizer version 13.0.1 build v13.0.1rc0 (mac64[rosetta2] - Darwin 24.6.0 24G720)

CPU model: Apple M1
Thread count: 8 physical cores, 8 logical processors, using up to 8 threads

Non-default parameters:
TimeLimit  180
Threads  8

Optimize a model with 42280 rows, 20528 columns and 116430 nonzeros (Max)
Model fingerprint: 0x9136ebfd
Model has 19236 linear objective coefficients
Variable types: 20480 continuous, 48 integer (48 binary)
Coefficient statistics:
  Matrix range     [1e+00, 4e+01]
  Objective range  [3e+00, 3e+04]
  Bounds range     [1e+00, 1e+00]
  RHS range        [1e+00, 4e+01]

Found heuristic solution: objective -0.0000000
Presolve removed 17783 rows and 6936 columns
Presolve time: 0.11s
Presolved: 24497 rows, 13592 columns, 68237 nonzeros
Variable types: 13556 continuous, 36 integer (36 binary)

Root relaxation: objective 2.050286e+05, 27745 iterations, 1.18 seconds (1.20 work units)

    Nodes    |    Current Node    |     Objective Bounds      |     Work
 Expl Unexpl |  Obj  Depth IntInf | Incumbent    BestBd   Gap | It/Node Time

     0     0 205028.631    0   11   -0.00000 205028.631      -     -    1s
H    0     0                    175499.27315 205028.631  16.8%     -    1s
H    0     0                    195637.65083 205028.631  4.80%     -    1s
H    0     0                    199638.44998 205028.631  2.70%     -    1s
H    0     0                    199645.91482 205028.631  2.70%     -    1s
H    0     0                    199869.41428 203200.790  1.67%     -    3s
H    0     0                    201170.12476 203200.790  1.01%     -    3s
H    0     0                    201180.40117 203200.790  1.00%     -    3s
H    0     0                    201322.92271 203200.790  0.93%     -    3s
     0     0 203200.790    0   12 201322.923 203200.790  0.93%     -    3s
     0     0 202841.886    0   12 201322.923 202841.886  0.75%     -    4s
     0     0 202837.982    0   12 201322.923 202837.982  0.75%     -    4s
     0     0 202836.628    0   12 201322.923 202836.628  0.75%     -    4s
     0     0 202836.628    0   12 201322.923 202836.628  0.75%     -    4s
H    0     0                    202244.23072 202586.308  0.17%     -    5s
H    0     0                    202255.15434 202586.308  0.16%     -    5s
     0     0 202586.308    0   12 202255.154 202586.308  0.16%     -    5s
     0     0 202568.240    0   12 202255.154 202568.240  0.15%     -    6s
     0     0 202563.848    0   12 202255.154 202563.848  0.15%     -    6s
     0     0 202563.754    0   12 202255.154 202563.754  0.15%     -    6s
H    0     0                    202276.58055 202548.094  0.13%     -    6s
     0     0 202548.094    0   12 202276.581 202548.094  0.13%     -    6s
     0     0 202547.771    0   12 202276.581 202547.771  0.13%     -    6s
     0     0 202547.638    0   12 202276.581 202547.638  0.13%     -    6s
     0     0 202547.564    0   12 202276.581 202547.564  0.13%     -    7s
     0     0 202547.490    0   12 202276.581 202547.490  0.13%     -    7s
     0     0 202547.490    0   12 202276.581 202547.490  0.13%     -    7s
     0     0 202547.490    0   12 202276.581 202547.490  0.13%     -    7s
     0     0 202547.490    0   11 202276.581 202547.490  0.13%     -    8s
     0     0 202547.490    0   12 202276.581 202547.490  0.13%     -    9s
     0     0 202547.490    0   12 202276.581 202547.490  0.13%     -   10s
     0     0 202547.490    0   12 202276.581 202547.490  0.13%     -   10s
     0     0 202547.490    0   12 202276.581 202547.490  0.13%     -   10s
     0     0 202547.309    0   12 202276.581 202547.309  0.13%     -   10s
     0     0 202545.580    0   12 202276.581 202545.580  0.13%     -   10s
     0     0 202545.580    0   12 202276.581 202545.580  0.13%     -   10s
     0     0 202545.580    0   12 202276.581 202545.580  0.13%     -   10s
     0     0 202545.580    0   12 202276.581 202545.580  0.13%     -   10s
     0     0 202545.580    0   12 202276.581 202545.580  0.13%     -   11s
H    0     0                    202416.20127 202545.580  0.06%     -   11s
     0     2 202545.580    0   12 202416.201 202545.580  0.06%     -   11s

Cutting planes:
  MIR: 318
  Flow cover: 991
  RLT: 1

Explored 13 nodes (97513 simplex iterations) in 11.71 seconds (10.07 work units)
Thread count was 8 (of 8 available processors)

Solution count 9: 202416 202277 201180 ... -0

Optimal solution found (tolerance 1.00e-04)
Best objective 2.024162012674e+05, best bound 2.024162012674e+05, gap 0.0000%

Gurobi 13.0.1 (mac64[rosetta2], Python) logging started Sun Aug 23 18:49:10 2026

Set parameter Username
Set parameter LicenseID to value 2764064
Set parameter LogFile to value "rosr_outputs/case_2/gurobi.log"
Academic license - for non-commercial use only - expires 2027-01-13
Set parameter OutputFlag to value 1
Set parameter Threads to value 8
Set parameter TimeLimit to value 300
Gurobi Optimizer version 13.0.1 build v13.0.1rc0 (mac64[rosetta2] - Darwin 24.6.0 24G720)

CPU model: Apple M1
Thread count: 8 physical cores, 8 logical processors, using up to 8 threads

Non-default parameters:
TimeLimit  300
Threads  8

Optimize a model with 44168 rows, 20720 columns and 134154 nonzeros (Max)
Model fingerprint: 0x0f0c34c0
Model has 19380 linear objective coefficients
Variable types: 20480 continuous, 240 integer (240 binary)
Coefficient statistics:
  Matrix range     [1e+00, 4e+01]
  Objective range  [3e+00, 3e+04]
  Bounds range     [1e+00, 1e+00]
  RHS range        [1e+00, 4e+01]

Found heuristic solution: objective -0.0000000
Presolve removed 5078 rows and 2084 columns
Presolve time: 0.28s
Presolved: 39090 rows, 18636 columns, 126947 nonzeros
Variable types: 18408 continuous, 228 integer (228 binary)

Deterministic concurrent LP optimizer: primal and dual simplex (primal and dual model)
Showing primal log only...

Root relaxation presolved: 39090 rows, 18636 columns, 126947 nonzeros


Root simplex log...

Iteration    Objective       Primal Inf.    Dual Inf.      Time
   21135    8.9823220e+04   0.000000e+00   5.819581e+06      5s
   29240    9.9164026e+04   0.000000e+00   9.641673e+07     10s
   36454    1.0352994e+05   0.000000e+00   4.925948e+06     15s
   41474    1.0414065e+05   0.000000e+00   2.161984e+07     20s
Concurrent spin time: 0.17s

Solved with dual simplex

Root relaxation: objective 2.064122e+05, 91543 iterations, 22.08 seconds (16.46 work units)

    Nodes    |    Current Node    |     Objective Bounds      |     Work
 Expl Unexpl |  Obj  Depth IntInf | Incumbent    BestBd   Gap | It/Node Time

     0     0 206412.246    0   98   -0.00000 206412.246      -     -   22s
H    0     0                    171192.57436 206412.246  20.6%     -   23s
H    0     0                    199638.44998 206412.246  3.39%     -   23s
H    0     0                    199673.42617 206412.246  3.37%     -   23s
H    0     0                    199888.41786 204186.631  2.15%     -   49s
H    0     0                    200292.00110 204186.631  1.94%     -   49s
     0     0 204186.631    0   98 200292.001 204186.631  1.94%     -   52s
     0     0 204022.577    0  100 200292.001 204022.577  1.86%     -   56s
     0     0 204022.577    0  102 200292.001 204022.577  1.86%     -   56s
     0     0 204022.577    0  102 200292.001 204022.577  1.86%     -   56s
H    0     0                    200327.92533 203877.915  1.77%     -   65s
H    0     0                    200499.18034 203877.915  1.69%     -   65s
H    0     0                    200772.50329 203877.915  1.55%     -   65s
H    0     0                    201087.43109 203877.915  1.39%     -   65s
H    0     0                    201168.60645 203877.915  1.35%     -   65s
H    0     0                    201221.23182 203877.915  1.32%     -   65s
H    0     0                    201356.47504 203877.915  1.25%     -   65s
H    0     0                    201457.58608 203877.915  1.20%     -   65s
     0     0 203877.828    0  118 201457.586 203877.828  1.20%     -   65s
     0     0 203872.637    0   97 201457.586 203872.637  1.20%     -   67s
H    0     0                    201498.16902 203872.489  1.18%     -   67s
H    0     0                    201698.85491 203872.489  1.08%     -   67s
H    0     0                    201783.64746 203872.489  1.04%     -   67s
     0     0 203872.489    0  100 201783.647 203872.489  1.04%     -   67s
     0     0 203865.832    0  104 201783.647 203865.832  1.03%     -   69s
     0     0 203865.789    0  100 201783.647 203865.789  1.03%     -   69s
     0     0 203865.697    0  100 201783.647 203865.697  1.03%     -   70s
     0     0 203865.605    0  100 201783.647 203865.605  1.03%     -   70s
     0     0 203865.605    0  101 201783.647 203865.605  1.03%     -   70s
     0     0 203864.497    0  101 201783.647 203864.497  1.03%     -   71s
     0     0 203864.497    0  101 201783.647 203864.497  1.03%     -   71s
H    0     0                    202123.88853 203864.497  0.86%     -   71s
     0     0 203864.497    0  101 202123.889 203864.497  0.86%     -   71s
     0     0 203864.497    0  100 202123.889 203864.497  0.86%     -   71s
H    0     0                    202189.58073 203864.497  0.83%     -   75s
H    0     2                    202416.20127 203864.497  0.72%     -   75s
     0     2 203864.497    0  100 202416.201 203864.497  0.72%     -   75s
     1     3 203706.491    1   98 202416.201 203864.497  0.72% 11104   82s
     5     2 203584.963    3  109 202416.201 203584.963  0.58%  6485   85s
    11     2     cutoff    6      202416.201 203338.326  0.46%  4855   91s
    15     4 202604.114    8   66 202416.201 202628.082  0.10%  5236   95s

Cutting planes:
  Gomory: 1
  Implied bound: 105
  MIR: 993
  Flow cover: 1695
  RLT: 15
  Relax-and-lift: 15

Explored 51 nodes (307242 simplex iterations) in 98.11 seconds (112.60 work units)
Thread count was 8 (of 8 available processors)

Solution count 10: 202416 202190 201498 ... 200292

Optimal solution found (tolerance 1.00e-04)
Best objective 2.024162012674e+05, best bound 2.024162012674e+05, gap 0.0000%
Set parameter OutputFlag to value 1
Set parameter Threads to value 8
Set parameter TimeLimit to value 180
Gurobi Optimizer version 13.0.1 build v13.0.1rc0 (mac64[rosetta2] - Darwin 24.6.0 24G720)

CPU model: Apple M1
Thread count: 8 physical cores, 8 logical processors, using up to 8 threads

Non-default parameters:
TimeLimit  180
Threads  8

Optimize a model with 42280 rows, 20528 columns and 116430 nonzeros (Max)
Model fingerprint: 0x9136ebfd
Model has 19236 linear objective coefficients
Variable types: 20480 continuous, 48 integer (48 binary)
Coefficient statistics:
  Matrix range     [1e+00, 4e+01]
  Objective range  [3e+00, 3e+04]
  Bounds range     [1e+00, 1e+00]
  RHS range        [1e+00, 4e+01]

Found heuristic solution: objective -0.0000000
Presolve removed 17783 rows and 6936 columns
Presolve time: 0.10s
Presolved: 24497 rows, 13592 columns, 68237 nonzeros
Variable types: 13556 continuous, 36 integer (36 binary)

Root relaxation: objective 2.050286e+05, 27745 iterations, 1.14 seconds (1.20 work units)

    Nodes    |    Current Node    |     Objective Bounds      |     Work
 Expl Unexpl |  Obj  Depth IntInf | Incumbent    BestBd   Gap | It/Node Time

     0     0 205028.631    0   11   -0.00000 205028.631      -     -    1s
H    0     0                    175499.27315 205028.631  16.8%     -    1s
H    0     0                    195637.65083 205028.631  4.80%     -    1s
H    0     0                    199638.44998 205028.631  2.70%     -    1s
H    0     0                    199645.91482 205028.631  2.70%     -    1s
H    0     0                    199869.41428 203200.790  1.67%     -    3s
H    0     0                    201170.12476 203200.790  1.01%     -    3s
H    0     0                    201180.40117 203200.790  1.00%     -    3s
H    0     0                    201322.92271 203200.790  0.93%     -    3s
     0     0 203200.790    0   12 201322.923 203200.790  0.93%     -    3s
     0     0 202841.886    0   12 201322.923 202841.886  0.75%     -    4s
     0     0 202837.982    0   12 201322.923 202837.982  0.75%     -    4s
     0     0 202836.628    0   12 201322.923 202836.628  0.75%     -    4s
     0     0 202836.628    0   12 201322.923 202836.628  0.75%     -    4s
H    0     0                    202244.23072 202586.308  0.17%     -    5s
H    0     0                    202255.15434 202586.308  0.16%     -    5s
     0     0 202586.308    0   12 202255.154 202586.308  0.16%     -    5s
     0     0 202568.240    0   12 202255.154 202568.240  0.15%     -    5s
     0     0 202563.848    0   12 202255.154 202563.848  0.15%     -    5s
     0     0 202563.754    0   12 202255.154 202563.754  0.15%     -    5s
H    0     0                    202276.58055 202548.094  0.13%     -    6s
     0     0 202548.094    0   12 202276.581 202548.094  0.13%     -    6s
     0     0 202547.771    0   12 202276.581 202547.771  0.13%     -    6s
     0     0 202547.638    0   12 202276.581 202547.638  0.13%     -    6s
     0     0 202547.564    0   12 202276.581 202547.564  0.13%     -    6s
     0     0 202547.490    0   12 202276.581 202547.490  0.13%     -    6s
     0     0 202547.490    0   12 202276.581 202547.490  0.13%     -    6s
     0     0 202547.490    0   12 202276.581 202547.490  0.13%     -    6s
     0     0 202547.490    0   11 202276.581 202547.490  0.13%     -    8s
     0     0 202547.490    0   12 202276.581 202547.490  0.13%     -    8s
     0     0 202547.490    0   12 202276.581 202547.490  0.13%     -    9s
     0     0 202547.490    0   12 202276.581 202547.490  0.13%     -    9s
     0     0 202547.490    0   12 202276.581 202547.490  0.13%     -    9s
     0     0 202547.309    0   12 202276.581 202547.309  0.13%     -    9s
     0     0 202545.580    0   12 202276.581 202545.580  0.13%     -    9s
     0     0 202545.580    0   12 202276.581 202545.580  0.13%     -    9s
     0     0 202545.580    0   12 202276.581 202545.580  0.13%     -    9s
     0     0 202545.580    0   12 202276.581 202545.580  0.13%     -    9s
     0     0 202545.580    0   12 202276.581 202545.580  0.13%     -   10s
H    0     0                    202416.20127 202545.580  0.06%     -   10s
     0     2 202545.580    0   12 202416.201 202545.580  0.06%     -   10s

Cutting planes:
  MIR: 318
  Flow cover: 991
  RLT: 1

Explored 13 nodes (97513 simplex iterations) in 10.57 seconds (10.07 work units)
Thread count was 8 (of 8 available processors)

Solution count 9: 202416 202277 201180 ... -0

Optimal solution found (tolerance 1.00e-04)
Best objective 2.024162012674e+05, best bound 2.024162012674e+05, gap 0.0000%
