
Gurobi 13.0.1 (mac64[rosetta2], Python) logging started Fri Jul 10 14:32:27 2026

Set parameter Username
Set parameter LicenseID to value 2764064
Set parameter LogFile to value "rosr_outputs/case_1/gurobi.log"
Academic license - for non-commercial use only - expires 2027-01-13
Set parameter OutputFlag to value 1
Set parameter Threads to value 8
Set parameter TimeLimit to value 300
Gurobi Optimizer version 13.0.1 build v13.0.1rc0 (mac64[rosetta2] - Darwin 24.6.0 24G720)

CPU model: Apple M1
Thread count: 8 physical cores, 8 logical processors, using up to 8 threads

Non-default parameters:
TimeLimit  300
Threads  8

Optimize a model with 44168 rows, 20720 columns and 134154 nonzeros (Max)
Model fingerprint: 0x6d4b4822
Model has 19380 linear objective coefficients
Variable types: 20480 continuous, 240 integer (240 binary)
Coefficient statistics:
  Matrix range     [1e+00, 4e+01]
  Objective range  [3e+00, 3e+04]
  Bounds range     [1e+00, 1e+00]
  RHS range        [1e+00, 4e+01]

Found heuristic solution: objective -0.0000000
Presolve removed 6515 rows and 3128 columns
Presolve time: 0.29s
Presolved: 37653 rows, 17592 columns, 122510 nonzeros
Variable types: 17364 continuous, 228 integer (228 binary)

Deterministic concurrent LP optimizer: primal and dual simplex (primal and dual model)
Showing primal log only...

Root relaxation presolved: 37653 rows, 17592 columns, 122510 nonzeros

Warning: Markowitz tolerance tightened to 0.5

Root simplex log...

Iteration    Objective       Primal Inf.    Dual Inf.      Time
   22105    8.0344993e+04   0.000000e+00   1.449525e+07      5s
   28990    1.0565602e+05   0.000000e+00   2.884909e+06     10s
   36277    1.2878289e+05   0.000000e+00   1.602469e+07     15s
Concurrent spin time: 2.81s (can be avoided by choosing Method=3)

Solved with dual simplex

Root relaxation: objective 2.031139e+05, 85516 iterations, 19.69 seconds (14.10 work units)

    Nodes    |    Current Node    |     Objective Bounds      |     Work
 Expl Unexpl |  Obj  Depth IntInf | Incumbent    BestBd   Gap | It/Node Time

     0     0 203113.885    0   45   -0.00000 203113.885      -     -   20s
H    0     0                    188837.44310 203113.885  7.56%     -   21s
H    0     0                    198483.43044 203113.885  2.33%     -   21s
H    0     0                    198778.28201 201887.139  1.56%     -   29s
H    0     0                    198900.26500 201887.139  1.50%     -   29s
H    0     0                    198939.52534 201887.139  1.48%     -   29s
H    0     0                    198952.93128 201887.139  1.47%     -   29s
H    0     0                    199380.79783 201887.139  1.26%     -   29s
H    0     0                    199417.95123 201887.139  1.24%     -   29s
H    0     0                    199425.83443 201887.139  1.23%     -   29s
H    0     0                    199443.24404 201887.139  1.23%     -   29s
H    0     0                    199444.92884 201887.139  1.22%     -   29s
H    0     0                    199456.16085 201887.139  1.22%     -   29s
     0     0 201887.139    0   50 199456.161 201887.139  1.22%     -   30s
     0     0 201652.219    0   50 199456.161 201652.219  1.10%     -   33s
     0     0 201652.219    0   50 199456.161 201652.219  1.10%     -   34s
     0     0 201652.219    0   50 199456.161 201652.219  1.10%     -   34s
     0     0 201652.219    0   50 199456.161 201652.219  1.10%     -   34s
H    0     0                    199467.39286 201242.241  0.89%     -   43s
H    0     0                    199479.46727 201242.241  0.88%     -   43s
H    0     0                    199503.61608 201242.241  0.87%     -   43s
     0     0 201124.695    0   52 199503.616 201124.695  0.81%     -   43s
H    0     0                    199504.45848 201098.944  0.80%     -   50s
H    0     0                    199515.69049 201098.944  0.79%     -   50s
H    0     0                    200219.84393 201098.944  0.44%     -   50s
     0     0 201006.074    0   54 200219.844 201006.074  0.39%     -   50s
     0     0 201006.074    0   53 200219.844 201006.074  0.39%     -   51s
     0     0 201006.074    0   53 200219.844 201006.074  0.39%     -   51s
     0     0 200978.353    0   63 200219.844 200978.353  0.38%     -   60s
H    0     0                    200317.84320 200959.768  0.32%     -   62s
     0     0 200959.768    0   47 200317.843 200959.768  0.32%     -   62s
     0     0 200941.975    0   54 200317.843 200941.975  0.31%     -   64s
     0     0 200941.887    0   54 200317.843 200941.887  0.31%     -   64s
     0     0 200894.806    0   54 200317.843 200894.806  0.29%     -   69s
     0     0 200891.582    0   54 200317.843 200891.582  0.29%     -   70s
     0     0 200890.381    0   54 200317.843 200890.381  0.29%     -   71s
     0     0 200888.998    0   54 200317.843 200888.998  0.29%     -   71s
     0     0 200888.998    0   54 200317.843 200888.998  0.29%     -   71s
     0     0 200854.243    0   54 200317.843 200854.243  0.27%     -   74s
     0     0 200849.058    0   60 200317.843 200849.058  0.27%     -   76s
     0     0 200848.386    0   42 200317.843 200848.386  0.26%     -   76s
     0     0 200848.008    0   48 200317.843 200848.008  0.26%     -   76s
     0     0 200847.121    0   42 200317.843 200847.121  0.26%     -   77s
     0     0 200847.054    0   42 200317.843 200847.054  0.26%     -   77s
     0     0 200847.054    0   42 200317.843 200847.054  0.26%     -   77s
     0     0 200847.042    0   42 200317.843 200847.042  0.26%     -   77s
     0     0 200847.042    0   42 200317.843 200847.042  0.26%     -   77s
     0     0 200846.766    0   42 200317.843 200846.766  0.26%     -   78s
     0     0 200846.766    0   42 200317.843 200846.766  0.26%     -   78s
     0     0 200846.766    0   42 200317.843 200846.766  0.26%     -   78s
     0     0 200846.766    0   42 200317.843 200846.766  0.26%     -   78s
     0     0 200846.766    0   42 200317.843 200846.766  0.26%     -   78s
     0     0 200846.766    0   45 200317.843 200846.766  0.26%     -   89s
     0     0 200846.766    0   62 200317.843 200846.766  0.26%     -   97s
     0     0 200846.766    0   54 200317.843 200846.766  0.26%     -  102s
     0     0 200846.766    0   42 200317.843 200846.766  0.26%     -  103s
     0     0 200846.766    0   42 200317.843 200846.766  0.26%     -  103s
     0     0 200846.766    0   42 200317.843 200846.766  0.26%     -  103s
     0     0 200846.766    0   42 200317.843 200846.766  0.26%     -  103s
     0     0 200846.684    0   42 200317.843 200846.684  0.26%     -  104s
     0     0 200846.684    0   42 200317.843 200846.684  0.26%     -  104s
     0     0 200846.684    0   42 200317.843 200846.684  0.26%     -  104s
     0     0 200846.684    0   42 200317.843 200846.684  0.26%     -  104s
     0     0 200846.684    0   41 200317.843 200846.684  0.26%     -  105s
     0     0 200846.684    0   42 200317.843 200846.684  0.26%     -  105s
     0     0 200846.684    0   42 200317.843 200846.684  0.26%     -  105s
     0     0 200846.684    0   42 200317.843 200846.684  0.26%     -  105s
     0     0 200846.684    0   42 200317.843 200846.684  0.26%     -  105s
     0     0 200846.684    0   42 200317.843 200846.684  0.26%     -  105s
     0     2 200846.684    0   42 200317.843 200846.684  0.26%     -  110s
     7     2 200595.794    4   92 200317.843 200791.963  0.24%  6676  117s
    15     2 200560.810    8   36 200317.843 200560.810  0.12%  3928  120s

Cutting planes:
  Gomory: 1
  MIR: 258
  Flow cover: 616
  Relax-and-lift: 10

Explored 65 nodes (481013 simplex iterations) in 124.26 seconds (117.55 work units)
Thread count was 8 (of 8 available processors)

Solution count 10: 200318 200220 199516 ... 199381

Optimal solution found (tolerance 1.00e-04)
Best objective 2.003178432011e+05, best bound 2.003178432011e+05, gap 0.0000%
Set parameter OutputFlag to value 1
Set parameter Threads to value 8
Set parameter TimeLimit to value 180
Gurobi Optimizer version 13.0.1 build v13.0.1rc0 (mac64[rosetta2] - Darwin 24.6.0 24G720)

CPU model: Apple M1
Thread count: 8 physical cores, 8 logical processors, using up to 8 threads

Non-default parameters:
TimeLimit  180
Threads  8

Optimize a model with 42280 rows, 20528 columns and 116430 nonzeros (Max)
Model fingerprint: 0x4ed100d0
Model has 19236 linear objective coefficients
Variable types: 20480 continuous, 48 integer (48 binary)
Coefficient statistics:
  Matrix range     [1e+00, 4e+01]
  Objective range  [3e+00, 3e+04]
  Bounds range     [1e+00, 1e+00]
  RHS range        [1e+00, 4e+01]

Found heuristic solution: objective -0.0000000
Presolve removed 19220 rows and 7980 columns
Presolve time: 0.22s
Presolved: 23060 rows, 12548 columns, 63800 nonzeros
Variable types: 12512 continuous, 36 integer (36 binary)

Root relaxation: objective 2.025816e+05, 22717 iterations, 0.81 seconds (0.79 work units)

    Nodes    |    Current Node    |     Objective Bounds      |     Work
 Expl Unexpl |  Obj  Depth IntInf | Incumbent    BestBd   Gap | It/Node Time

     0     0 202581.580    0   12   -0.00000 202581.580      -     -    1s
H    0     0                    177105.89290 202581.580  14.4%     -    1s
H    0     0                    192268.93939 202581.580  5.36%     -    1s
H    0     0                    198483.43044 202581.580  2.06%     -    1s
H    0     0                    198511.72620 202581.580  2.05%     -    1s
H    0     0                    198670.39072 200482.940  0.91%     -    4s
H    0     0                    198770.03592 200482.940  0.86%     -    4s
H    0     0                    199699.16432 200482.940  0.39%     -    4s
     0     0 200482.940    0   12 199699.164 200482.940  0.39%     -    4s
H    0     0                    199709.99506 200328.260  0.31%     -    5s
     0     0 200328.260    0   12 199709.995 200328.260  0.31%     -    5s
     0     0 200314.156    0   12 199709.995 200314.156  0.30%     -    6s
     0     0 200311.220    0   12 199709.995 200311.220  0.30%     -    6s
     0     0 200311.220    0   12 199709.995 200311.220  0.30%     -    6s
     0     0 200218.975    0   12 199709.995 200218.975  0.25%     -    6s
     0     0 200216.734    0   12 199709.995 200216.734  0.25%     -    7s
     0     0 200216.734    0   12 199709.995 200216.734  0.25%     -    7s
H    0     0                    199746.59107 200216.734  0.24%     -    7s
     0     0 200215.439    0   12 199746.591 200215.439  0.23%     -    7s
H    0     0                    199748.43527 200215.439  0.23%     -    7s
     0     0 200215.439    0   12 199748.435 200215.439  0.23%     -    7s
H    0     0                    199765.75694 200215.439  0.23%     -    7s
     0     0 200215.439    0   12 199765.757 200215.439  0.23%     -    7s
     0     0 200215.439    0   12 199765.757 200215.439  0.23%     -    7s
     0     0 200215.314    0   12 199765.757 200215.314  0.23%     -    8s
     0     0 200215.314    0   12 199765.757 200215.314  0.23%     -    8s
H    0     0                    199959.60390 200215.314  0.13%     -    8s
     0     2 200215.314    0   12 199959.604 200215.314  0.13%     -    8s
     7     6 200087.057    3    9 199959.604 200150.937  0.10%  2384   10s
*   18     4               4    199973.87349 200045.478  0.04%  1552   10s

Cutting planes:
  MIR: 306
  Flow cover: 512

Explored 27 nodes (87000 simplex iterations) in 10.22 seconds (8.75 work units)
Thread count was 8 (of 8 available processors)

Solution count 8: 199974 199960 199748 ... -0

Optimal solution found (tolerance 1.00e-04)
Best objective 1.999738734877e+05, best bound 1.999738734877e+05, gap 0.0000%

Gurobi 13.0.1 (mac64[rosetta2], Python) logging started Fri Jul 10 14:38:41 2026

Set parameter Username
Set parameter LicenseID to value 2764064
Set parameter LogFile to value "rosr_outputs/case_1/gurobi.log"
Academic license - for non-commercial use only - expires 2027-01-13
Set parameter OutputFlag to value 1
Set parameter Threads to value 8
Set parameter TimeLimit to value 300
Gurobi Optimizer version 13.0.1 build v13.0.1rc0 (mac64[rosetta2] - Darwin 24.6.0 24G720)

CPU model: Apple M1
Thread count: 8 physical cores, 8 logical processors, using up to 8 threads

Non-default parameters:
TimeLimit  300
Threads  8

Optimize a model with 44168 rows, 20720 columns and 135728 nonzeros (Max)
Model fingerprint: 0xd2a19849
Model has 19380 linear objective coefficients
Variable types: 20480 continuous, 240 integer (240 binary)
Coefficient statistics:
  Matrix range     [1e+00, 4e+01]
  Objective range  [3e+00, 3e+04]
  Bounds range     [1e+00, 1e+00]
  RHS range        [1e+00, 4e+01]

Found heuristic solution: objective -0.0000000
Presolve removed 5088 rows and 2540 columns
Presolve time: 0.31s
Presolved: 39080 rows, 18180 columns, 127524 nonzeros
Variable types: 17952 continuous, 228 integer (228 binary)

Deterministic concurrent LP optimizer: primal and dual simplex (primal and dual model)
Showing primal log only...

Root relaxation presolved: 39048 rows, 18148 columns, 127460 nonzeros

Concurrent spin time: 0.46s (can be avoided by choosing Method=3)

Solved with dual simplex

Root relaxation: objective 2.134018e+05, 34107 iterations, 2.70 seconds (1.49 work units)

    Nodes    |    Current Node    |     Objective Bounds      |     Work
 Expl Unexpl |  Obj  Depth IntInf | Incumbent    BestBd   Gap | It/Node Time

     0     0 213401.751    0   42   -0.00000 213401.751      -     -    3s
H    0     0                    197117.22165 213401.751  8.26%     -    3s
H    0     0                    197123.71164 213401.751  8.26%     -    3s
H    0     0                    197208.08157 213401.751  8.21%     -    3s
H    0     0                    208785.02556 213401.751  2.21%     -    3s
H    0     0                    208839.76568 212558.220  1.78%     -    9s
     0     0 212545.114    0   44 208839.766 212545.114  1.77%     -    9s
     0     0 212302.989    0   45 208839.766 212302.989  1.66%     -   13s
     0     0 211743.524    0   47 208839.766 211743.524  1.39%     -   14s
     0     0 211743.524    0   51 208839.766 211743.524  1.39%     -   14s
     0     0 211743.524    0   51 208839.766 211743.524  1.39%     -   14s
     0     0 211556.508    0   54 208839.766 211556.508  1.30%     -   19s
H    0     0                    208896.76812 211430.109  1.21%     -   24s
H    0     0                    210345.44402 211430.109  0.52%     -   24s
H    0     0                    210395.89446 211430.109  0.49%     -   24s
H    0     0                    210460.29130 211430.109  0.46%     -   24s
     0     0 211150.717    0   64 210460.291 211150.717  0.33%     -   24s
H    0     0                    210563.06418 211150.717  0.28%     -   26s
     0     0 211150.498    0   64 210563.064 211150.498  0.28%     -   26s
     0     0 211150.498    0   65 210563.064 211150.498  0.28%     -   27s
     0     0 211150.498    0   65 210563.064 211150.498  0.28%     -   27s
     0     0 211080.672    0   71 210563.064 211080.672  0.25%     -   30s
     0     0 211080.672    0   41 210563.064 211080.672  0.25%     -   34s
     0     0 211080.672    0   53 210563.064 211080.672  0.25%     -   39s
H    0     0                    210575.13859 211080.672  0.24%     -   44s
     0     0 211080.672    0   68 210575.139 211080.672  0.24%     -   45s
     0     0 211078.224    0   66 210575.139 211078.224  0.24%     -   47s
     0     0 211067.137    0   67 210575.139 211067.137  0.23%     -   48s
     0     0 211067.083    0   67 210575.139 211067.083  0.23%     -   49s
     0     0 210986.698    0   68 210575.139 210986.698  0.20%     -   53s
     0     0 210965.606    0   64 210575.139 210965.606  0.19%     -   54s
     0     0 210958.505    0   66 210575.139 210958.505  0.18%     -   55s
     0     0 210957.534    0   56 210575.139 210957.534  0.18%     -   55s
     0     0 210957.371    0   56 210575.139 210957.371  0.18%     -   55s
     0     0 210901.346    0   56 210575.139 210901.346  0.15%     -   57s
     0     0 210872.511    0   56 210575.139 210872.511  0.14%     -   58s
     0     0 210839.971    0   56 210575.139 210839.971  0.13%     -   59s
     0     0 210835.470    0   56 210575.139 210835.470  0.12%     -   59s
     0     0 210784.727    0   56 210575.139 210784.727  0.10%     -   60s
     0     0 210749.905    0   56 210575.139 210749.905  0.08%     -   62s
     0     0 210715.426    0   56 210575.139 210715.426  0.07%     -   66s
     0     0 210691.280    0   56 210575.139 210691.280  0.06%     -   67s
     0     0 210575.139    0   56 210575.139 210575.139  0.00%     -   68s

Cutting planes:
  Gomory: 9
  MIR: 329
  Flow cover: 773
  Relax-and-lift: 16

Explored 1 nodes (299731 simplex iterations) in 68.17 seconds (43.36 work units)
Thread count was 8 (of 8 available processors)

Solution count 10: 210575 210460 210396 ... 197117

Optimal solution found (tolerance 1.00e-04)
Best objective 2.105751385854e+05, best bound 2.105751385854e+05, gap 0.0000%
Set parameter OutputFlag to value 1
Set parameter Threads to value 8
Set parameter TimeLimit to value 180
Gurobi Optimizer version 13.0.1 build v13.0.1rc0 (mac64[rosetta2] - Darwin 24.6.0 24G720)

CPU model: Apple M1
Thread count: 8 physical cores, 8 logical processors, using up to 8 threads

Non-default parameters:
TimeLimit  180
Threads  8

Optimize a model with 42280 rows, 20528 columns and 117520 nonzeros (Max)
Model fingerprint: 0xb48fbbcf
Model has 19236 linear objective coefficients
Variable types: 20480 continuous, 48 integer (48 binary)
Coefficient statistics:
  Matrix range     [1e+00, 4e+01]
  Objective range  [3e+00, 3e+04]
  Bounds range     [1e+00, 1e+00]
  RHS range        [1e+00, 4e+01]

Found heuristic solution: objective -0.0000000
Presolve removed 18528 rows and 7660 columns
Presolve time: 0.16s
Presolved: 23752 rows, 12868 columns, 65792 nonzeros
Variable types: 12832 continuous, 36 integer (36 binary)

Root relaxation: objective 2.129073e+05, 23435 iterations, 0.88 seconds (0.81 work units)

    Nodes    |    Current Node    |     Objective Bounds      |     Work
 Expl Unexpl |  Obj  Depth IntInf | Incumbent    BestBd   Gap | It/Node Time

     0     0 212907.285    0   11   -0.00000 212907.285      -     -    1s
H    0     0                    182908.03106 212907.285  16.4%     -    1s
H    0     0                    203419.02224 212907.285  4.66%     -    1s
H    0     0                    208785.02556 212907.285  1.97%     -    1s
H    0     0                    208801.04070 212907.285  1.97%     -    1s
     0     0 211271.727    0   12 208801.041 211271.727  1.18%     -    1s
     0     0 211271.727    0   11 208801.041 211271.727  1.18%     -    2s
     0     0 211271.727    0   12 208801.041 211271.727  1.18%     -    2s
H    0     0                    208863.77273 210724.124  0.89%     -    3s
H    0     0                    209101.42631 210724.124  0.78%     -    3s
H    0     0                    209983.29219 210724.124  0.35%     -    3s
     0     0 210724.124    0   12 209983.292 210724.124  0.35%     -    3s
     0     0 210703.498    0   12 209983.292 210703.498  0.34%     -    3s
     0     0 210703.487    0   12 209983.292 210703.487  0.34%     -    3s
     0     0 210417.525    0   12 209983.292 210417.525  0.21%     -    3s
     0     0 210416.835    0   12 209983.292 210416.835  0.21%     -    3s
     0     0 210416.835    0   12 209983.292 210416.835  0.21%     -    3s
H    0     0                    210056.14396 210416.835  0.17%     -    3s
     0     0 210416.835    0   12 210056.144 210416.835  0.17%     -    3s
     0     0 210416.835    0   12 210056.144 210416.835  0.17%     -    3s
     0     0 210416.835    0   12 210056.144 210416.835  0.17%     -    4s
H    0     0                    210218.18888 210416.835  0.09%     -    4s
     0     2 210416.835    0   12 210218.189 210416.835  0.09%     -    4s

Cutting planes:
  Gomory: 1
  MIR: 293
  Flow cover: 571

Explored 22 nodes (77204 simplex iterations) in 4.83 seconds (4.52 work units)
Thread count was 8 (of 8 available processors)

Solution count 9: 210218 210056 209983 ... -0

Optimal solution found (tolerance 1.00e-04)
Best objective 2.102181888829e+05, best bound 2.102181888829e+05, gap 0.0000%

Gurobi 13.0.1 (mac64[rosetta2], Python) logging started Fri Aug 21 10:51:00 2026

Set parameter Username
Set parameter LicenseID to value 2764064
Set parameter LogFile to value "rosr_outputs/case_1/gurobi.log"
Academic license - for non-commercial use only - expires 2027-01-13
Set parameter OutputFlag to value 1
Set parameter Threads to value 8
Set parameter TimeLimit to value 300
Gurobi Optimizer version 13.0.1 build v13.0.1rc0 (mac64[rosetta2] - Darwin 24.6.0 24G720)

CPU model: Apple M1
Thread count: 8 physical cores, 8 logical processors, using up to 8 threads

Non-default parameters:
TimeLimit  300
Threads  8

Optimize a model with 44168 rows, 20720 columns and 135728 nonzeros (Max)
Model fingerprint: 0xd2a19849
Model has 19380 linear objective coefficients
Variable types: 20480 continuous, 240 integer (240 binary)
Coefficient statistics:
  Matrix range     [1e+00, 4e+01]
  Objective range  [3e+00, 3e+04]
  Bounds range     [1e+00, 1e+00]
  RHS range        [1e+00, 4e+01]

Found heuristic solution: objective -0.0000000
Presolve removed 5088 rows and 2540 columns
Presolve time: 0.38s
Presolved: 39080 rows, 18180 columns, 127524 nonzeros
Variable types: 17952 continuous, 228 integer (228 binary)

Deterministic concurrent LP optimizer: primal and dual simplex (primal and dual model)
Showing primal log only...

Root relaxation presolved: 39048 rows, 18148 columns, 127460 nonzeros

Concurrent spin time: 0.42s (can be avoided by choosing Method=3)

Solved with dual simplex

Root relaxation: objective 2.134018e+05, 34107 iterations, 2.38 seconds (1.49 work units)

    Nodes    |    Current Node    |     Objective Bounds      |     Work
 Expl Unexpl |  Obj  Depth IntInf | Incumbent    BestBd   Gap | It/Node Time

     0     0 213401.751    0   42   -0.00000 213401.751      -     -    3s
H    0     0                    197117.22165 213401.751  8.26%     -    3s
H    0     0                    197123.71164 213401.751  8.26%     -    3s
H    0     0                    197208.08157 213401.751  8.21%     -    3s
H    0     0                    208785.02556 213401.751  2.21%     -    3s
H    0     0                    208839.76568 212558.220  1.78%     -   10s
     0     0 212545.114    0   44 208839.766 212545.114  1.77%     -   10s
     0     0 212302.989    0   45 208839.766 212302.989  1.66%     -   14s
     0     0 211743.524    0   47 208839.766 211743.524  1.39%     -   15s
     0     0 211743.524    0   51 208839.766 211743.524  1.39%     -   15s
     0     0 211743.524    0   51 208839.766 211743.524  1.39%     -   15s
     0     0 211556.508    0   54 208839.766 211556.508  1.30%     -   20s
H    0     0                    208896.76812 211430.109  1.21%     -   23s
H    0     0                    210345.44402 211430.109  0.52%     -   23s
H    0     0                    210395.89446 211430.109  0.49%     -   23s
H    0     0                    210460.29130 211430.109  0.46%     -   23s
     0     0 211150.717    0   64 210460.291 211150.717  0.33%     -   23s
H    0     0                    210563.06418 211150.717  0.28%     -   25s
     0     0 211150.498    0   64 210563.064 211150.498  0.28%     -   25s
     0     0 211150.498    0   65 210563.064 211150.498  0.28%     -   25s
     0     0 211150.498    0   65 210563.064 211150.498  0.28%     -   26s
     0     0 211080.672    0   71 210563.064 211080.672  0.25%     -   29s
     0     0 211080.672    0   41 210563.064 211080.672  0.25%     -   32s
     0     0 211080.672    0   53 210563.064 211080.672  0.25%     -   36s
H    0     0                    210575.13859 211080.672  0.24%     -   40s
     0     0 211080.672    0   68 210575.139 211080.672  0.24%     -   40s
     0     0 211078.224    0   66 210575.139 211078.224  0.24%     -   40s
     0     0 211067.137    0   67 210575.139 211067.137  0.23%     -   41s
     0     0 211067.083    0   67 210575.139 211067.083  0.23%     -   41s
     0     0 210986.698    0   68 210575.139 210986.698  0.20%     -   42s
     0     0 210965.606    0   64 210575.139 210965.606  0.19%     -   43s
     0     0 210958.505    0   66 210575.139 210958.505  0.18%     -   44s
     0     0 210957.534    0   56 210575.139 210957.534  0.18%     -   44s
     0     0 210957.371    0   56 210575.139 210957.371  0.18%     -   44s
     0     0 210901.346    0   56 210575.139 210901.346  0.15%     -   46s
     0     0 210872.511    0   56 210575.139 210872.511  0.14%     -   47s
     0     0 210839.971    0   56 210575.139 210839.971  0.13%     -   47s
     0     0 210835.470    0   56 210575.139 210835.470  0.12%     -   47s
     0     0 210784.727    0   56 210575.139 210784.727  0.10%     -   48s
     0     0 210749.905    0   56 210575.139 210749.905  0.08%     -   49s
     0     0 210715.426    0   56 210575.139 210715.426  0.07%     -   49s
     0     0 210691.280    0   56 210575.139 210691.280  0.06%     -   50s
     0     0 210575.139    0   56 210575.139 210575.139  0.00%     -   50s

Cutting planes:
  Gomory: 9
  MIR: 329
  Flow cover: 773
  Relax-and-lift: 16

Explored 1 nodes (299731 simplex iterations) in 50.64 seconds (43.36 work units)
Thread count was 8 (of 8 available processors)

Solution count 10: 210575 210460 210396 ... 197117

Optimal solution found (tolerance 1.00e-04)
Best objective 2.105751385854e+05, best bound 2.105751385854e+05, gap 0.0000%
Set parameter OutputFlag to value 1
Set parameter Threads to value 8
Set parameter TimeLimit to value 180
Gurobi Optimizer version 13.0.1 build v13.0.1rc0 (mac64[rosetta2] - Darwin 24.6.0 24G720)

CPU model: Apple M1
Thread count: 8 physical cores, 8 logical processors, using up to 8 threads

Non-default parameters:
TimeLimit  180
Threads  8

Optimize a model with 42280 rows, 20528 columns and 117520 nonzeros (Max)
Model fingerprint: 0xb48fbbcf
Model has 19236 linear objective coefficients
Variable types: 20480 continuous, 48 integer (48 binary)
Coefficient statistics:
  Matrix range     [1e+00, 4e+01]
  Objective range  [3e+00, 3e+04]
  Bounds range     [1e+00, 1e+00]
  RHS range        [1e+00, 4e+01]

Found heuristic solution: objective -0.0000000
Presolve removed 18528 rows and 7660 columns
Presolve time: 0.20s
Presolved: 23752 rows, 12868 columns, 65792 nonzeros
Variable types: 12832 continuous, 36 integer (36 binary)

Root relaxation: objective 2.129073e+05, 23435 iterations, 1.15 seconds (0.81 work units)

    Nodes    |    Current Node    |     Objective Bounds      |     Work
 Expl Unexpl |  Obj  Depth IntInf | Incumbent    BestBd   Gap | It/Node Time

     0     0 212907.285    0   11   -0.00000 212907.285      -     -    1s
H    0     0                    182908.03106 212907.285  16.4%     -    1s
H    0     0                    203419.02224 212907.285  4.66%     -    1s
H    0     0                    208785.02556 212907.285  1.97%     -    1s
H    0     0                    208801.04070 212907.285  1.97%     -    1s
     0     0 211271.727    0   12 208801.041 211271.727  1.18%     -    2s
     0     0 211271.727    0   11 208801.041 211271.727  1.18%     -    2s
     0     0 211271.727    0   12 208801.041 211271.727  1.18%     -    3s
H    0     0                    208863.77273 210724.124  0.89%     -    3s
H    0     0                    209101.42631 210724.124  0.78%     -    3s
H    0     0                    209983.29219 210724.124  0.35%     -    3s
     0     0 210724.124    0   12 209983.292 210724.124  0.35%     -    3s
     0     0 210703.498    0   12 209983.292 210703.498  0.34%     -    3s
     0     0 210703.487    0   12 209983.292 210703.487  0.34%     -    3s
     0     0 210417.525    0   12 209983.292 210417.525  0.21%     -    3s
     0     0 210416.835    0   12 209983.292 210416.835  0.21%     -    3s
     0     0 210416.835    0   12 209983.292 210416.835  0.21%     -    3s
H    0     0                    210056.14396 210416.835  0.17%     -    3s
     0     0 210416.835    0   12 210056.144 210416.835  0.17%     -    3s
     0     0 210416.835    0   12 210056.144 210416.835  0.17%     -    4s
     0     0 210416.835    0   12 210056.144 210416.835  0.17%     -    4s
H    0     0                    210218.18888 210416.835  0.09%     -    4s
     0     2 210416.835    0   12 210218.189 210416.835  0.09%     -    4s

Cutting planes:
  Gomory: 1
  MIR: 293
  Flow cover: 571

Explored 22 nodes (77204 simplex iterations) in 4.98 seconds (4.52 work units)
Thread count was 8 (of 8 available processors)

Solution count 9: 210218 210056 209983 ... -0

Optimal solution found (tolerance 1.00e-04)
Best objective 2.102181888829e+05, best bound 2.102181888829e+05, gap 0.0000%

Gurobi 13.0.1 (mac64[rosetta2], Python) logging started Fri Aug 21 11:12:54 2026

Set parameter Username
Set parameter LicenseID to value 2764064
Set parameter LogFile to value "rosr_outputs/case_1/gurobi.log"
Academic license - for non-commercial use only - expires 2027-01-13
Set parameter OutputFlag to value 1
Set parameter Threads to value 8
Set parameter TimeLimit to value 300
Gurobi Optimizer version 13.0.1 build v13.0.1rc0 (mac64[rosetta2] - Darwin 24.6.0 24G720)

CPU model: Apple M1
Thread count: 8 physical cores, 8 logical processors, using up to 8 threads

Non-default parameters:
TimeLimit  300
Threads  8

Optimize a model with 44168 rows, 20720 columns and 135728 nonzeros (Max)
Model fingerprint: 0xd2a19849
Model has 19380 linear objective coefficients
Variable types: 20480 continuous, 240 integer (240 binary)
Coefficient statistics:
  Matrix range     [1e+00, 4e+01]
  Objective range  [3e+00, 3e+04]
  Bounds range     [1e+00, 1e+00]
  RHS range        [1e+00, 4e+01]

Found heuristic solution: objective -0.0000000
Presolve removed 5088 rows and 2540 columns
Presolve time: 0.71s
Presolved: 39080 rows, 18180 columns, 127524 nonzeros
Variable types: 17952 continuous, 228 integer (228 binary)

Deterministic concurrent LP optimizer: primal and dual simplex (primal and dual model)
Showing primal log only...

Root relaxation presolved: 39048 rows, 18148 columns, 127460 nonzeros

Concurrent spin time: 0.42s (can be avoided by choosing Method=3)

Solved with dual simplex

Root relaxation: objective 2.134018e+05, 34107 iterations, 2.38 seconds (1.49 work units)

    Nodes    |    Current Node    |     Objective Bounds      |     Work
 Expl Unexpl |  Obj  Depth IntInf | Incumbent    BestBd   Gap | It/Node Time

     0     0 213401.751    0   42   -0.00000 213401.751      -     -    3s
H    0     0                    197117.22165 213401.751  8.26%     -    3s
H    0     0                    197123.71164 213401.751  8.26%     -    3s
H    0     0                    197208.08157 213401.751  8.21%     -    4s
H    0     0                    208785.02556 213401.751  2.21%     -    4s
H    0     0                    208839.76568 212558.220  1.78%     -    9s
     0     0 212545.114    0   44 208839.766 212545.114  1.77%     -    9s
     0     0 212302.989    0   45 208839.766 212302.989  1.66%     -   13s
     0     0 211743.524    0   47 208839.766 211743.524  1.39%     -   14s
     0     0 211743.524    0   51 208839.766 211743.524  1.39%     -   14s
     0     0 211743.524    0   51 208839.766 211743.524  1.39%     -   14s
     0     0 211556.508    0   54 208839.766 211556.508  1.30%     -   20s
H    0     0                    208896.76812 211430.109  1.21%     -   23s
H    0     0                    210345.44402 211430.109  0.52%     -   23s
H    0     0                    210395.89446 211430.109  0.49%     -   23s
H    0     0                    210460.29130 211430.109  0.46%     -   23s
     0     0 211150.717    0   64 210460.291 211150.717  0.33%     -   23s
H    0     0                    210563.06418 211150.717  0.28%     -   25s
     0     0 211150.498    0   64 210563.064 211150.498  0.28%     -   25s
     0     0 211150.498    0   65 210563.064 211150.498  0.28%     -   26s
     0     0 211150.498    0   65 210563.064 211150.498  0.28%     -   26s
     0     0 211080.672    0   71 210563.064 211080.672  0.25%     -   29s
     0     0 211080.672    0   41 210563.064 211080.672  0.25%     -   33s
     0     0 211080.672    0   53 210563.064 211080.672  0.25%     -   38s
H    0     0                    210575.13859 211080.672  0.24%     -   41s
     0     0 211080.672    0   68 210575.139 211080.672  0.24%     -   41s
     0     0 211078.224    0   66 210575.139 211078.224  0.24%     -   42s
     0     0 211067.137    0   67 210575.139 211067.137  0.23%     -   42s
     0     0 211067.083    0   67 210575.139 211067.083  0.23%     -   42s
     0     0 210986.698    0   68 210575.139 210986.698  0.20%     -   43s
     0     0 210965.606    0   64 210575.139 210965.606  0.19%     -   44s
     0     0 210958.505    0   66 210575.139 210958.505  0.18%     -   45s
     0     0 210957.534    0   56 210575.139 210957.534  0.18%     -   45s
     0     0 210957.371    0   56 210575.139 210957.371  0.18%     -   45s
     0     0 210901.346    0   56 210575.139 210901.346  0.15%     -   47s
     0     0 210872.511    0   56 210575.139 210872.511  0.14%     -   48s
     0     0 210839.971    0   56 210575.139 210839.971  0.13%     -   48s
     0     0 210835.470    0   56 210575.139 210835.470  0.12%     -   48s
     0     0 210784.727    0   56 210575.139 210784.727  0.10%     -   49s
     0     0 210749.905    0   56 210575.139 210749.905  0.08%     -   50s
     0     0 210715.426    0   56 210575.139 210715.426  0.07%     -   51s
     0     0 210691.280    0   56 210575.139 210691.280  0.06%     -   51s
     0     0 210575.139    0   56 210575.139 210575.139  0.00%     -   51s

Cutting planes:
  Gomory: 9
  MIR: 329
  Flow cover: 773
  Relax-and-lift: 16

Explored 1 nodes (299731 simplex iterations) in 51.89 seconds (43.36 work units)
Thread count was 8 (of 8 available processors)

Solution count 10: 210575 210460 210396 ... 197117

Optimal solution found (tolerance 1.00e-04)
Best objective 2.105751385854e+05, best bound 2.105751385854e+05, gap 0.0000%
Set parameter OutputFlag to value 1
Set parameter Threads to value 8
Set parameter TimeLimit to value 180
Gurobi Optimizer version 13.0.1 build v13.0.1rc0 (mac64[rosetta2] - Darwin 24.6.0 24G720)

CPU model: Apple M1
Thread count: 8 physical cores, 8 logical processors, using up to 8 threads

Non-default parameters:
TimeLimit  180
Threads  8

Optimize a model with 42280 rows, 20528 columns and 117520 nonzeros (Max)
Model fingerprint: 0xb48fbbcf
Model has 19236 linear objective coefficients
Variable types: 20480 continuous, 48 integer (48 binary)
Coefficient statistics:
  Matrix range     [1e+00, 4e+01]
  Objective range  [3e+00, 3e+04]
  Bounds range     [1e+00, 1e+00]
  RHS range        [1e+00, 4e+01]

Found heuristic solution: objective -0.0000000
Presolve removed 18528 rows and 7660 columns
Presolve time: 0.14s
Presolved: 23752 rows, 12868 columns, 65792 nonzeros
Variable types: 12832 continuous, 36 integer (36 binary)

Root relaxation: objective 2.129073e+05, 23435 iterations, 0.67 seconds (0.81 work units)

    Nodes    |    Current Node    |     Objective Bounds      |     Work
 Expl Unexpl |  Obj  Depth IntInf | Incumbent    BestBd   Gap | It/Node Time

     0     0 212907.285    0   11   -0.00000 212907.285      -     -    0s
H    0     0                    182908.03106 212907.285  16.4%     -    0s
H    0     0                    203419.02224 212907.285  4.66%     -    0s
H    0     0                    208785.02556 212907.285  1.97%     -    0s
H    0     0                    208801.04070 212907.285  1.97%     -    1s
     0     0 211271.727    0   12 208801.041 211271.727  1.18%     -    1s
     0     0 211271.727    0   11 208801.041 211271.727  1.18%     -    1s
     0     0 211271.727    0   12 208801.041 211271.727  1.18%     -    2s
H    0     0                    208863.77273 210724.124  0.89%     -    2s
H    0     0                    209101.42631 210724.124  0.78%     -    2s
H    0     0                    209983.29219 210724.124  0.35%     -    2s
     0     0 210724.124    0   12 209983.292 210724.124  0.35%     -    2s
     0     0 210703.498    0   12 209983.292 210703.498  0.34%     -    2s
     0     0 210703.487    0   12 209983.292 210703.487  0.34%     -    2s
     0     0 210417.525    0   12 209983.292 210417.525  0.21%     -    2s
     0     0 210416.835    0   12 209983.292 210416.835  0.21%     -    2s
     0     0 210416.835    0   12 209983.292 210416.835  0.21%     -    3s
H    0     0                    210056.14396 210416.835  0.17%     -    3s
     0     0 210416.835    0   12 210056.144 210416.835  0.17%     -    3s
     0     0 210416.835    0   12 210056.144 210416.835  0.17%     -    3s
     0     0 210416.835    0   12 210056.144 210416.835  0.17%     -    3s
H    0     0                    210218.18888 210416.835  0.09%     -    3s
     0     2 210416.835    0   12 210218.189 210416.835  0.09%     -    3s

Cutting planes:
  Gomory: 1
  MIR: 293
  Flow cover: 571

Explored 22 nodes (77204 simplex iterations) in 3.91 seconds (4.52 work units)
Thread count was 8 (of 8 available processors)

Solution count 9: 210218 210056 209983 ... -0

Optimal solution found (tolerance 1.00e-04)
Best objective 2.102181888829e+05, best bound 2.102181888829e+05, gap 0.0000%

Gurobi 13.0.1 (mac64[rosetta2], Python) logging started Sat Aug 22 18:21:57 2026

Set parameter Username
Set parameter LicenseID to value 2764064
Set parameter LogFile to value "rosr_outputs/case_1/gurobi.log"
Academic license - for non-commercial use only - expires 2027-01-13
Set parameter OutputFlag to value 1
Set parameter Threads to value 8
Set parameter TimeLimit to value 900
Gurobi Optimizer version 13.0.1 build v13.0.1rc0 (mac64[rosetta2] - Darwin 24.6.0 24G720)

CPU model: Apple M1
Thread count: 8 physical cores, 8 logical processors, using up to 8 threads

Non-default parameters:
TimeLimit  900
Threads  8

Optimize a model with 44168 rows, 20720 columns and 135728 nonzeros (Max)
Model fingerprint: 0xd2a19849
Model has 19380 linear objective coefficients
Variable types: 20480 continuous, 240 integer (240 binary)
Coefficient statistics:
  Matrix range     [1e+00, 4e+01]
  Objective range  [3e+00, 3e+04]
  Bounds range     [1e+00, 1e+00]
  RHS range        [1e+00, 4e+01]

Found heuristic solution: objective -0.0000000
Presolve removed 5088 rows and 2540 columns
Presolve time: 0.29s
Presolved: 39080 rows, 18180 columns, 127524 nonzeros
Variable types: 17952 continuous, 228 integer (228 binary)

Deterministic concurrent LP optimizer: primal and dual simplex (primal and dual model)
Showing primal log only...

Root relaxation presolved: 39048 rows, 18148 columns, 127460 nonzeros

Concurrent spin time: 0.56s (can be avoided by choosing Method=3)

Solved with dual simplex

Root relaxation: objective 2.134018e+05, 34107 iterations, 2.87 seconds (1.49 work units)

    Nodes    |    Current Node    |     Objective Bounds      |     Work
 Expl Unexpl |  Obj  Depth IntInf | Incumbent    BestBd   Gap | It/Node Time

     0     0 213401.751    0   42   -0.00000 213401.751      -     -    3s
H    0     0                    197117.22165 213401.751  8.26%     -    3s
H    0     0                    197123.71164 213401.751  8.26%     -    3s
H    0     0                    197208.08157 213401.751  8.21%     -    5s
H    0     0                    208785.02556 213401.751  2.21%     -    5s
H    0     0                    208839.76568 212558.220  1.78%     -   11s
     0     0 212545.114    0   44 208839.766 212545.114  1.77%     -   12s
     0     0 212302.989    0   45 208839.766 212302.989  1.66%     -   15s
     0     0 211743.524    0   47 208839.766 211743.524  1.39%     -   16s
     0     0 211743.524    0   51 208839.766 211743.524  1.39%     -   16s
     0     0 211743.524    0   51 208839.766 211743.524  1.39%     -   16s
     0     0 211556.508    0   54 208839.766 211556.508  1.30%     -   21s
H    0     0                    208896.76812 211430.109  1.21%     -   24s
H    0     0                    210345.44402 211430.109  0.52%     -   24s
H    0     0                    210395.89446 211430.109  0.49%     -   24s
H    0     0                    210460.29130 211430.109  0.46%     -   24s
     0     0 211150.717    0   64 210460.291 211150.717  0.33%     -   24s
H    0     0                    210563.06418 211150.717  0.28%     -   26s
     0     0 211150.498    0   64 210563.064 211150.498  0.28%     -   26s
     0     0 211150.498    0   65 210563.064 211150.498  0.28%     -   26s
     0     0 211150.498    0   65 210563.064 211150.498  0.28%     -   27s
     0     0 211080.672    0   71 210563.064 211080.672  0.25%     -   30s
     0     0 211080.672    0   41 210563.064 211080.672  0.25%     -   34s
     0     0 211080.672    0   53 210563.064 211080.672  0.25%     -   39s
H    0     0                    210575.13859 211080.672  0.24%     -   43s
     0     0 211080.672    0   68 210575.139 211080.672  0.24%     -   43s
     0     0 211078.224    0   66 210575.139 211078.224  0.24%     -   43s
     0     0 211067.137    0   67 210575.139 211067.137  0.23%     -   44s
     0     0 211067.083    0   67 210575.139 211067.083  0.23%     -   44s
     0     0 210986.698    0   68 210575.139 210986.698  0.20%     -   46s
     0     0 210965.606    0   64 210575.139 210965.606  0.19%     -   47s
     0     0 210958.505    0   66 210575.139 210958.505  0.18%     -   47s
     0     0 210957.534    0   56 210575.139 210957.534  0.18%     -   47s
     0     0 210957.371    0   56 210575.139 210957.371  0.18%     -   47s
     0     0 210901.346    0   56 210575.139 210901.346  0.15%     -   49s
     0     0 210872.511    0   56 210575.139 210872.511  0.14%     -   50s
     0     0 210839.971    0   56 210575.139 210839.971  0.13%     -   50s
     0     0 210835.470    0   56 210575.139 210835.470  0.12%     -   50s
     0     0 210784.727    0   56 210575.139 210784.727  0.10%     -   51s
     0     0 210749.905    0   56 210575.139 210749.905  0.08%     -   52s
     0     0 210715.426    0   56 210575.139 210715.426  0.07%     -   53s
     0     0 210691.280    0   56 210575.139 210691.280  0.06%     -   54s
     0     0 210575.139    0   56 210575.139 210575.139  0.00%     -   54s

Cutting planes:
  Gomory: 9
  MIR: 329
  Flow cover: 773
  Relax-and-lift: 16

Explored 1 nodes (299731 simplex iterations) in 54.69 seconds (43.36 work units)
Thread count was 8 (of 8 available processors)

Solution count 10: 210575 210460 210396 ... 197117

Optimal solution found (tolerance 1.00e-04)
Best objective 2.105751385854e+05, best bound 2.105751385854e+05, gap 0.0000%
Set parameter OutputFlag to value 1
Set parameter Threads to value 8
Set parameter TimeLimit to value 900
Gurobi Optimizer version 13.0.1 build v13.0.1rc0 (mac64[rosetta2] - Darwin 24.6.0 24G720)

CPU model: Apple M1
Thread count: 8 physical cores, 8 logical processors, using up to 8 threads

Non-default parameters:
TimeLimit  900
Threads  8

Optimize a model with 42280 rows, 20528 columns and 117520 nonzeros (Max)
Model fingerprint: 0xb48fbbcf
Model has 19236 linear objective coefficients
Variable types: 20480 continuous, 48 integer (48 binary)
Coefficient statistics:
  Matrix range     [1e+00, 4e+01]
  Objective range  [3e+00, 3e+04]
  Bounds range     [1e+00, 1e+00]
  RHS range        [1e+00, 4e+01]

Found heuristic solution: objective -0.0000000
Presolve removed 18528 rows and 7660 columns
Presolve time: 0.21s
Presolved: 23752 rows, 12868 columns, 65792 nonzeros
Variable types: 12832 continuous, 36 integer (36 binary)

Root relaxation: objective 2.129073e+05, 23435 iterations, 0.70 seconds (0.81 work units)

    Nodes    |    Current Node    |     Objective Bounds      |     Work
 Expl Unexpl |  Obj  Depth IntInf | Incumbent    BestBd   Gap | It/Node Time

     0     0 212907.285    0   11   -0.00000 212907.285      -     -    0s
H    0     0                    182908.03106 212907.285  16.4%     -    1s
H    0     0                    203419.02224 212907.285  4.66%     -    1s
H    0     0                    208785.02556 212907.285  1.97%     -    1s
H    0     0                    208801.04070 212907.285  1.97%     -    1s
     0     0 211271.727    0   12 208801.041 211271.727  1.18%     -    1s
     0     0 211271.727    0   11 208801.041 211271.727  1.18%     -    2s
     0     0 211271.727    0   12 208801.041 211271.727  1.18%     -    2s
H    0     0                    208863.77273 210724.124  0.89%     -    2s
H    0     0                    209101.42631 210724.124  0.78%     -    2s
H    0     0                    209983.29219 210724.124  0.35%     -    2s
     0     0 210724.124    0   12 209983.292 210724.124  0.35%     -    2s
     0     0 210703.498    0   12 209983.292 210703.498  0.34%     -    2s
     0     0 210703.487    0   12 209983.292 210703.487  0.34%     -    2s
     0     0 210417.525    0   12 209983.292 210417.525  0.21%     -    3s
     0     0 210416.835    0   12 209983.292 210416.835  0.21%     -    3s
     0     0 210416.835    0   12 209983.292 210416.835  0.21%     -    3s
H    0     0                    210056.14396 210416.835  0.17%     -    3s
     0     0 210416.835    0   12 210056.144 210416.835  0.17%     -    3s
     0     0 210416.835    0   12 210056.144 210416.835  0.17%     -    3s
     0     0 210416.835    0   12 210056.144 210416.835  0.17%     -    3s
H    0     0                    210218.18888 210416.835  0.09%     -    4s
     0     2 210416.835    0   12 210218.189 210416.835  0.09%     -    4s

Cutting planes:
  Gomory: 1
  MIR: 293
  Flow cover: 571

Explored 22 nodes (77204 simplex iterations) in 4.74 seconds (4.52 work units)
Thread count was 8 (of 8 available processors)

Solution count 9: 210218 210056 209983 ... -0

Optimal solution found (tolerance 1.00e-04)
Best objective 2.102181888829e+05, best bound 2.102181888829e+05, gap 0.0000%

Gurobi 13.0.1 (mac64[rosetta2], Python) logging started Sat Aug 22 22:17:01 2026

Set parameter Username
Set parameter LicenseID to value 2764064
Set parameter LogFile to value "rosr_outputs/case_1/gurobi.log"
Academic license - for non-commercial use only - expires 2027-01-13
Set parameter OutputFlag to value 1
Set parameter Threads to value 8
Set parameter TimeLimit to value 300
Gurobi Optimizer version 13.0.1 build v13.0.1rc0 (mac64[rosetta2] - Darwin 24.6.0 24G720)

CPU model: Apple M1
Thread count: 8 physical cores, 8 logical processors, using up to 8 threads

Non-default parameters:
TimeLimit  300
Threads  8

Optimize a model with 44168 rows, 20720 columns and 135728 nonzeros (Max)
Model fingerprint: 0xd2a19849
Model has 19380 linear objective coefficients
Variable types: 20480 continuous, 240 integer (240 binary)
Coefficient statistics:
  Matrix range     [1e+00, 4e+01]
  Objective range  [3e+00, 3e+04]
  Bounds range     [1e+00, 1e+00]
  RHS range        [1e+00, 4e+01]

Found heuristic solution: objective -0.0000000
Presolve removed 5088 rows and 2540 columns
Presolve time: 0.37s
Presolved: 39080 rows, 18180 columns, 127524 nonzeros
Variable types: 17952 continuous, 228 integer (228 binary)

Deterministic concurrent LP optimizer: primal and dual simplex (primal and dual model)
Showing primal log only...

Root relaxation presolved: 39048 rows, 18148 columns, 127460 nonzeros

Concurrent spin time: 0.44s (can be avoided by choosing Method=3)

Solved with dual simplex

Root relaxation: objective 2.134018e+05, 34107 iterations, 2.75 seconds (1.49 work units)

    Nodes    |    Current Node    |     Objective Bounds      |     Work
 Expl Unexpl |  Obj  Depth IntInf | Incumbent    BestBd   Gap | It/Node Time

     0     0 213401.751    0   42   -0.00000 213401.751      -     -    3s
H    0     0                    197117.22165 213401.751  8.26%     -    4s
H    0     0                    197123.71164 213401.751  8.26%     -    4s
H    0     0                    197208.08157 213401.751  8.21%     -    4s
H    0     0                    208785.02556 213401.751  2.21%     -    4s
H    0     0                    208839.76568 212558.220  1.78%     -   10s
     0     0 212545.114    0   44 208839.766 212545.114  1.77%     -   10s
     0     0 212302.989    0   45 208839.766 212302.989  1.66%     -   13s
     0     0 211743.524    0   47 208839.766 211743.524  1.39%     -   14s
     0     0 211743.524    0   51 208839.766 211743.524  1.39%     -   14s
     0     0 211743.524    0   51 208839.766 211743.524  1.39%     -   14s
     0     0 211556.508    0   54 208839.766 211556.508  1.30%     -   19s
H    0     0                    208896.76812 211430.109  1.21%     -   21s
H    0     0                    210345.44402 211430.109  0.52%     -   21s
H    0     0                    210395.89446 211430.109  0.49%     -   21s
H    0     0                    210460.29130 211430.109  0.46%     -   21s
     0     0 211150.717    0   64 210460.291 211150.717  0.33%     -   22s
H    0     0                    210563.06418 211150.717  0.28%     -   23s
     0     0 211150.498    0   64 210563.064 211150.498  0.28%     -   23s
     0     0 211150.498    0   65 210563.064 211150.498  0.28%     -   24s
     0     0 211150.498    0   65 210563.064 211150.498  0.28%     -   24s
     0     0 211080.672    0   71 210563.064 211080.672  0.25%     -   27s
     0     0 211080.672    0   41 210563.064 211080.672  0.25%     -   31s
     0     0 211080.672    0   53 210563.064 211080.672  0.25%     -   35s
H    0     0                    210575.13859 211080.672  0.24%     -   38s
     0     0 211080.672    0   68 210575.139 211080.672  0.24%     -   38s
     0     0 211078.224    0   66 210575.139 211078.224  0.24%     -   39s
     0     0 211067.137    0   67 210575.139 211067.137  0.23%     -   39s
     0     0 211067.083    0   67 210575.139 211067.083  0.23%     -   39s
     0     0 210986.698    0   68 210575.139 210986.698  0.20%     -   41s
     0     0 210965.606    0   64 210575.139 210965.606  0.19%     -   42s
     0     0 210958.505    0   66 210575.139 210958.505  0.18%     -   42s
     0     0 210957.534    0   56 210575.139 210957.534  0.18%     -   42s
     0     0 210957.371    0   56 210575.139 210957.371  0.18%     -   42s
     0     0 210901.346    0   56 210575.139 210901.346  0.15%     -   44s
     0     0 210872.511    0   56 210575.139 210872.511  0.14%     -   45s
     0     0 210839.971    0   56 210575.139 210839.971  0.13%     -   45s
     0     0 210835.470    0   56 210575.139 210835.470  0.12%     -   45s
     0     0 210784.727    0   56 210575.139 210784.727  0.10%     -   46s
     0     0 210749.905    0   56 210575.139 210749.905  0.08%     -   47s
     0     0 210715.426    0   56 210575.139 210715.426  0.07%     -   48s
     0     0 210691.280    0   56 210575.139 210691.280  0.06%     -   48s
     0     0 210575.139    0   56 210575.139 210575.139  0.00%     -   49s

Cutting planes:
  Gomory: 9
  MIR: 329
  Flow cover: 773
  Relax-and-lift: 16

Explored 1 nodes (299731 simplex iterations) in 49.24 seconds (43.36 work units)
Thread count was 8 (of 8 available processors)

Solution count 10: 210575 210460 210396 ... 197117

Optimal solution found (tolerance 1.00e-04)
Best objective 2.105751385854e+05, best bound 2.105751385854e+05, gap 0.0000%
Set parameter OutputFlag to value 1
Set parameter Threads to value 8
Set parameter TimeLimit to value 180
Gurobi Optimizer version 13.0.1 build v13.0.1rc0 (mac64[rosetta2] - Darwin 24.6.0 24G720)

CPU model: Apple M1
Thread count: 8 physical cores, 8 logical processors, using up to 8 threads

Non-default parameters:
TimeLimit  180
Threads  8

Optimize a model with 42280 rows, 20528 columns and 117520 nonzeros (Max)
Model fingerprint: 0xb48fbbcf
Model has 19236 linear objective coefficients
Variable types: 20480 continuous, 48 integer (48 binary)
Coefficient statistics:
  Matrix range     [1e+00, 4e+01]
  Objective range  [3e+00, 3e+04]
  Bounds range     [1e+00, 1e+00]
  RHS range        [1e+00, 4e+01]

Found heuristic solution: objective -0.0000000
Presolve removed 18528 rows and 7660 columns
Presolve time: 0.19s
Presolved: 23752 rows, 12868 columns, 65792 nonzeros
Variable types: 12832 continuous, 36 integer (36 binary)

Root relaxation: objective 2.129073e+05, 23435 iterations, 0.69 seconds (0.81 work units)

    Nodes    |    Current Node    |     Objective Bounds      |     Work
 Expl Unexpl |  Obj  Depth IntInf | Incumbent    BestBd   Gap | It/Node Time

     0     0 212907.285    0   11   -0.00000 212907.285      -     -    0s
H    0     0                    182908.03106 212907.285  16.4%     -    0s
H    0     0                    203419.02224 212907.285  4.66%     -    1s
H    0     0                    208785.02556 212907.285  1.97%     -    1s
H    0     0                    208801.04070 212907.285  1.97%     -    1s
     0     0 211271.727    0   12 208801.041 211271.727  1.18%     -    1s
     0     0 211271.727    0   11 208801.041 211271.727  1.18%     -    1s
     0     0 211271.727    0   12 208801.041 211271.727  1.18%     -    2s
H    0     0                    208863.77273 210724.124  0.89%     -    2s
H    0     0                    209101.42631 210724.124  0.78%     -    2s
H    0     0                    209983.29219 210724.124  0.35%     -    2s
     0     0 210724.124    0   12 209983.292 210724.124  0.35%     -    2s
     0     0 210703.498    0   12 209983.292 210703.498  0.34%     -    2s
     0     0 210703.487    0   12 209983.292 210703.487  0.34%     -    2s
     0     0 210417.525    0   12 209983.292 210417.525  0.21%     -    3s
     0     0 210416.835    0   12 209983.292 210416.835  0.21%     -    3s
     0     0 210416.835    0   12 209983.292 210416.835  0.21%     -    3s
H    0     0                    210056.14396 210416.835  0.17%     -    3s
     0     0 210416.835    0   12 210056.144 210416.835  0.17%     -    3s
     0     0 210416.835    0   12 210056.144 210416.835  0.17%     -    3s
     0     0 210416.835    0   12 210056.144 210416.835  0.17%     -    3s
H    0     0                    210218.18888 210416.835  0.09%     -    3s
     0     2 210416.835    0   12 210218.189 210416.835  0.09%     -    4s

Cutting planes:
  Gomory: 1
  MIR: 293
  Flow cover: 571

Explored 22 nodes (77204 simplex iterations) in 4.51 seconds (4.52 work units)
Thread count was 8 (of 8 available processors)

Solution count 9: 210218 210056 209983 ... -0

Optimal solution found (tolerance 1.00e-04)
Best objective 2.102181888829e+05, best bound 2.102181888829e+05, gap 0.0000%

Gurobi 13.0.1 (mac64[rosetta2], Python) logging started Sat Aug 22 22:54:53 2026

Set parameter Username
Set parameter LicenseID to value 2764064
Set parameter LogFile to value "rosr_outputs/case_1/gurobi.log"
Academic license - for non-commercial use only - expires 2027-01-13
Set parameter OutputFlag to value 1
Set parameter Threads to value 8
Set parameter TimeLimit to value 300
Gurobi Optimizer version 13.0.1 build v13.0.1rc0 (mac64[rosetta2] - Darwin 24.6.0 24G720)

CPU model: Apple M1
Thread count: 8 physical cores, 8 logical processors, using up to 8 threads

Non-default parameters:
TimeLimit  300
Threads  8

Optimize a model with 89104 rows, 41712 columns and 274144 nonzeros (Max)
Model fingerprint: 0x2258cd45
Model has 39060 linear objective coefficients
Variable types: 41472 continuous, 240 integer (240 binary)
Coefficient statistics:
  Matrix range     [1e+00, 4e+01]
  Objective range  [1e+00, 3e+04]
  Bounds range     [1e+00, 1e+00]
  RHS range        [1e+00, 4e+01]

Found heuristic solution: objective -0.0000000
Presolve removed 10336 rows and 5164 columns
Presolve time: 0.78s
Presolved: 78768 rows, 36548 columns, 257412 nonzeros
Variable types: 36320 continuous, 228 integer (228 binary)

Deterministic concurrent LP optimizer: primal and dual simplex (primal and dual model)
Showing primal log only...

Root relaxation presolved: 78736 rows, 36516 columns, 257348 nonzeros


Use crossover to convert LP symmetric solution to basic solution...
Concurrent spin time: 0.00s

Solved with dual simplex

Root relaxation: objective 2.136056e+05, 11730 iterations, 0.62 seconds (0.32 work units)

    Nodes    |    Current Node    |     Objective Bounds      |     Work
 Expl Unexpl |  Obj  Depth IntInf | Incumbent    BestBd   Gap | It/Node Time

     0     0 213605.567    0   45   -0.00000 213605.567      -     -    3s
H    0     0                    196246.51680 213605.567  8.85%     -    3s
H    0     0                    208919.16834 213605.567  2.24%     -    3s
     0     0 212381.841    0   66 208919.168 212381.841  1.66%     -   25s
     0     0 212329.984    0   66 208919.168 212329.984  1.63%     -   34s
     0     0 212329.938    0   60 208919.168 212329.938  1.63%     -   35s
     0     0 212329.938    0   60 208919.168 212329.938  1.63%     -   35s
     0     0 211916.381    0   54 208919.168 211916.381  1.43%     -   49s
     0     0 211698.496    0   54 208919.168 211698.496  1.33%     -   63s
H    0     0                    209188.89837 211657.521  1.18%     -   69s
     0     0 211657.521    0   54 209188.898 211657.521  1.18%     -   70s
H    0     0                    209560.37239 211650.435  1.00%     -   71s
     0     0 211650.435    0   54 209560.372 211650.435  1.00%     -   71s
     0     0 211649.262    0   54 209560.372 211649.262  1.00%     -   72s
     0     0 211648.824    0   54 209560.372 211648.824  1.00%     -   73s
     0     0 211648.790    0   54 209560.372 211648.790  1.00%     -   73s
H    0     0                    209570.77240 211318.778  0.83%     -  100s
H    0     0                    209687.56448 211318.778  0.78%     -  100s
H    0     0                    209779.03255 211318.778  0.73%     -  100s
     0     0 211318.778    0   72 209779.033 211318.778  0.73%     -  103s
     0     0 211139.190    0   72 209779.033 211139.190  0.65%     -  125s
     0     0 211121.030    0   72 209779.033 211121.030  0.64%     -  129s
     0     0 211116.076    0   71 209779.033 211116.076  0.64%     -  134s
     0     0 211116.076    0   71 209779.033 211116.076  0.64%     -  135s
     0     0 211089.261    0   60 209779.033 211089.261  0.62%     -  142s
     0     0 211078.062    0   60 209779.033 211078.062  0.62%     -  149s
     0     0 211077.230    0   60 209779.033 211077.230  0.62%     -  154s
H    0     0                    209887.43318 211077.230  0.57%     -  155s
H    0     0                    210532.37755 211077.230  0.26%     -  155s
     0     0 211077.230    0   54 210532.378 211077.230  0.26%     -  156s
H    0     0                    210597.22160 211077.230  0.23%     -  161s
     0     0 211077.230    0   54 210597.222 211077.230  0.23%     -  162s
     0     0 211077.230    0   60 210597.222 211077.230  0.23%     -  164s
     0     0 211077.230    0   60 210597.222 211077.230  0.23%     -  170s
     0     0 211077.230    0   54 210597.222 211077.230  0.23%     -  172s
     0     0 211077.230    0   54 210597.222 211077.230  0.23%     -  175s
     0     0 211077.230    0   30 210597.222 211077.230  0.23%     -  183s
     0     0 210954.849    0   42 210597.222 210954.849  0.17%     -  192s
     0     0 210847.396    0   42 210597.222 210847.396  0.12%     -  199s
     0     0 210847.396    0   30 210597.222 210847.396  0.12%     -  207s
     0     0 210681.815    0   39 210597.222 210681.815  0.04%     -  214s
     0     0 210605.357    0   36 210597.222 210605.357  0.00%     -  218s

Cutting planes:
  Gomory: 2
  MIR: 903
  Flow cover: 1629
  Relax-and-lift: 30

Explored 1 nodes (426127 simplex iterations) in 218.47 seconds (182.59 work units)
Thread count was 8 (of 8 available processors)

Solution count 10: 210597 210532 209779 ... -0

Optimal solution found (tolerance 1.00e-04)
Best objective 2.105972216008e+05, best bound 2.106053569929e+05, gap 0.0039%
Set parameter OutputFlag to value 1
Set parameter Threads to value 8
Set parameter TimeLimit to value 180
Gurobi Optimizer version 13.0.1 build v13.0.1rc0 (mac64[rosetta2] - Darwin 24.6.0 24G720)

CPU model: Apple M1
Thread count: 8 physical cores, 8 logical processors, using up to 8 threads

Non-default parameters:
TimeLimit  180
Threads  8

Optimize a model with 85576 rows, 41520 columns and 237896 nonzeros (Max)
Model fingerprint: 0x314c32c8
Model has 38916 linear objective coefficients
Variable types: 41472 continuous, 48 integer (48 binary)
Coefficient statistics:
  Matrix range     [1e+00, 4e+01]
  Objective range  [1e+00, 3e+04]
  Bounds range     [1e+00, 1e+00]
  RHS range        [1e+00, 4e+01]

Found heuristic solution: objective -0.0000000
Presolve removed 34032 rows and 12972 columns
Presolve time: 0.14s

Explored 0 nodes (0 simplex iterations) in 0.16 seconds (0.23 work units)
Thread count was 1 (of 8 available processors)

Solution count 1: -0 
No other solutions better than 0

Solve interrupted
Best objective -0.000000000000e+00, best bound -, gap -

Gurobi 13.0.1 (mac64[rosetta2], Python) logging started Sun Aug 23 18:47:25 2026

Set parameter Username
Set parameter LicenseID to value 2764064
Set parameter LogFile to value "rosr_outputs/case_1/gurobi.log"
Academic license - for non-commercial use only - expires 2027-01-13
Set parameter OutputFlag to value 1
Set parameter Threads to value 8
Set parameter TimeLimit to value 300
Gurobi Optimizer version 13.0.1 build v13.0.1rc0 (mac64[rosetta2] - Darwin 24.6.0 24G720)

CPU model: Apple M1
Thread count: 8 physical cores, 8 logical processors, using up to 8 threads

Non-default parameters:
TimeLimit  300
Threads  8

Optimize a model with 44168 rows, 20720 columns and 135728 nonzeros (Max)
Model fingerprint: 0xd2a19849
Model has 19380 linear objective coefficients
Variable types: 20480 continuous, 240 integer (240 binary)
Coefficient statistics:
  Matrix range     [1e+00, 4e+01]
  Objective range  [3e+00, 3e+04]
  Bounds range     [1e+00, 1e+00]
  RHS range        [1e+00, 4e+01]

Found heuristic solution: objective -0.0000000
Presolve removed 5088 rows and 2540 columns
Presolve time: 0.33s
Presolved: 39080 rows, 18180 columns, 127524 nonzeros
Variable types: 17952 continuous, 228 integer (228 binary)

Deterministic concurrent LP optimizer: primal and dual simplex (primal and dual model)
Showing primal log only...

Root relaxation presolved: 39048 rows, 18148 columns, 127460 nonzeros

Concurrent spin time: 0.47s (can be avoided by choosing Method=3)

Solved with dual simplex

Root relaxation: objective 2.134018e+05, 34107 iterations, 2.74 seconds (1.49 work units)

    Nodes    |    Current Node    |     Objective Bounds      |     Work
 Expl Unexpl |  Obj  Depth IntInf | Incumbent    BestBd   Gap | It/Node Time

     0     0 213401.751    0   42   -0.00000 213401.751      -     -    3s
H    0     0                    197117.22165 213401.751  8.26%     -    3s
H    0     0                    197123.71164 213401.751  8.26%     -    3s
H    0     0                    197208.08157 213401.751  8.21%     -    3s
H    0     0                    208785.02556 213401.751  2.21%     -    3s
H    0     0                    208839.76568 212558.220  1.78%     -    9s
     0     0 212545.114    0   44 208839.766 212545.114  1.77%     -    9s
     0     0 212302.989    0   45 208839.766 212302.989  1.66%     -   13s
     0     0 211743.524    0   47 208839.766 211743.524  1.39%     -   14s
     0     0 211743.524    0   51 208839.766 211743.524  1.39%     -   14s
     0     0 211743.524    0   51 208839.766 211743.524  1.39%     -   14s
     0     0 211556.508    0   54 208839.766 211556.508  1.30%     -   20s
H    0     0                    208896.76812 211430.109  1.21%     -   23s
H    0     0                    210345.44402 211430.109  0.52%     -   23s
H    0     0                    210395.89446 211430.109  0.49%     -   23s
H    0     0                    210460.29130 211430.109  0.46%     -   23s
     0     0 211150.717    0   64 210460.291 211150.717  0.33%     -   24s
H    0     0                    210563.06418 211150.717  0.28%     -   25s
     0     0 211150.498    0   64 210563.064 211150.498  0.28%     -   26s
     0     0 211150.498    0   65 210563.064 211150.498  0.28%     -   26s
     0     0 211150.498    0   65 210563.064 211150.498  0.28%     -   26s
     0     0 211080.672    0   71 210563.064 211080.672  0.25%     -   29s
     0     0 211080.672    0   41 210563.064 211080.672  0.25%     -   33s
     0     0 211080.672    0   53 210563.064 211080.672  0.25%     -   38s
H    0     0                    210575.13859 211080.672  0.24%     -   41s
     0     0 211080.672    0   68 210575.139 211080.672  0.24%     -   41s
     0     0 211078.224    0   66 210575.139 211078.224  0.24%     -   42s
     0     0 211067.137    0   67 210575.139 211067.137  0.23%     -   42s
     0     0 211067.083    0   67 210575.139 211067.083  0.23%     -   43s
     0     0 210986.698    0   68 210575.139 210986.698  0.20%     -   45s
     0     0 210965.606    0   64 210575.139 210965.606  0.19%     -   47s
     0     0 210958.505    0   66 210575.139 210958.505  0.18%     -   48s
     0     0 210957.534    0   56 210575.139 210957.534  0.18%     -   49s
     0     0 210957.371    0   56 210575.139 210957.371  0.18%     -   49s
     0     0 210901.346    0   56 210575.139 210901.346  0.15%     -   52s
     0     0 210872.511    0   56 210575.139 210872.511  0.14%     -   53s
     0     0 210839.971    0   56 210575.139 210839.971  0.13%     -   54s
     0     0 210835.470    0   56 210575.139 210835.470  0.12%     -   54s
     0     0 210784.727    0   56 210575.139 210784.727  0.10%     -   55s
     0     0 210749.905    0   56 210575.139 210749.905  0.08%     -   56s
     0     0 210715.426    0   56 210575.139 210715.426  0.07%     -   58s
     0     0 210691.280    0   56 210575.139 210691.280  0.06%     -   59s
     0     0 210575.139    0   56 210575.139 210575.139  0.00%     -   60s

Cutting planes:
  Gomory: 9
  MIR: 329
  Flow cover: 773
  Relax-and-lift: 16

Explored 1 nodes (299731 simplex iterations) in 60.09 seconds (43.36 work units)
Thread count was 8 (of 8 available processors)

Solution count 10: 210575 210460 210396 ... 197117

Optimal solution found (tolerance 1.00e-04)
Best objective 2.105751385854e+05, best bound 2.105751385854e+05, gap 0.0000%
Set parameter OutputFlag to value 1
Set parameter Threads to value 8
Set parameter TimeLimit to value 180
Gurobi Optimizer version 13.0.1 build v13.0.1rc0 (mac64[rosetta2] - Darwin 24.6.0 24G720)

CPU model: Apple M1
Thread count: 8 physical cores, 8 logical processors, using up to 8 threads

Non-default parameters:
TimeLimit  180
Threads  8

Optimize a model with 42280 rows, 20528 columns and 117520 nonzeros (Max)
Model fingerprint: 0xb48fbbcf
Model has 19236 linear objective coefficients
Variable types: 20480 continuous, 48 integer (48 binary)
Coefficient statistics:
  Matrix range     [1e+00, 4e+01]
  Objective range  [3e+00, 3e+04]
  Bounds range     [1e+00, 1e+00]
  RHS range        [1e+00, 4e+01]

Found heuristic solution: objective -0.0000000
Presolve removed 18528 rows and 7660 columns
Presolve time: 0.16s
Presolved: 23752 rows, 12868 columns, 65792 nonzeros
Variable types: 12832 continuous, 36 integer (36 binary)

Root relaxation: objective 2.129073e+05, 23435 iterations, 1.15 seconds (0.81 work units)

    Nodes    |    Current Node    |     Objective Bounds      |     Work
 Expl Unexpl |  Obj  Depth IntInf | Incumbent    BestBd   Gap | It/Node Time

     0     0 212907.285    0   11   -0.00000 212907.285      -     -    1s
H    0     0                    182908.03106 212907.285  16.4%     -    1s
H    0     0                    203419.02224 212907.285  4.66%     -    1s
H    0     0                    208785.02556 212907.285  1.97%     -    1s
H    0     0                    208801.04070 212907.285  1.97%     -    1s
     0     0 211271.727    0   12 208801.041 211271.727  1.18%     -    2s
     0     0 211271.727    0   11 208801.041 211271.727  1.18%     -    3s
     0     0 211271.727    0   12 208801.041 211271.727  1.18%     -    3s
H    0     0                    208863.77273 210724.124  0.89%     -    3s
H    0     0                    209101.42631 210724.124  0.78%     -    3s
H    0     0                    209983.29219 210724.124  0.35%     -    3s
     0     0 210724.124    0   12 209983.292 210724.124  0.35%     -    3s
     0     0 210703.498    0   12 209983.292 210703.498  0.34%     -    3s
     0     0 210703.487    0   12 209983.292 210703.487  0.34%     -    3s
     0     0 210417.525    0   12 209983.292 210417.525  0.21%     -    4s
     0     0 210416.835    0   12 209983.292 210416.835  0.21%     -    4s
     0     0 210416.835    0   12 209983.292 210416.835  0.21%     -    4s
H    0     0                    210056.14396 210416.835  0.17%     -    4s
     0     0 210416.835    0   12 210056.144 210416.835  0.17%     -    4s
     0     0 210416.835    0   12 210056.144 210416.835  0.17%     -    4s
     0     0 210416.835    0   12 210056.144 210416.835  0.17%     -    4s
H    0     0                    210218.18888 210416.835  0.09%     -    4s
     0     2 210416.835    0   12 210218.189 210416.835  0.09%     -    4s
     1     4 210410.465    1   11 210218.189 210414.794  0.09%   883    5s

Cutting planes:
  Gomory: 1
  MIR: 293
  Flow cover: 571

Explored 22 nodes (77204 simplex iterations) in 5.54 seconds (4.52 work units)
Thread count was 8 (of 8 available processors)

Solution count 9: 210218 210056 209983 ... -0

Optimal solution found (tolerance 1.00e-04)
Best objective 2.102181888829e+05, best bound 2.102181888829e+05, gap 0.0000%
