
Gurobi 13.0.1 (mac64[rosetta2], Python) logging started Fri Aug 21 20:58:32 2026

Set parameter Username
Set parameter LicenseID to value 2764064
Set parameter LogFile to value "rosr_outputs_psi_09/case_3/gurobi.log"
Academic license - for non-commercial use only - expires 2027-01-13
Set parameter OutputFlag to value 1
Set parameter Threads to value 8
Set parameter TimeLimit to value 300
Gurobi Optimizer version 13.0.1 build v13.0.1rc0 (mac64[rosetta2] - Darwin 24.6.0 24G720)

CPU model: Apple M1
Thread count: 8 physical cores, 8 logical processors, using up to 8 threads

Non-default parameters:
TimeLimit  300
Threads  8

Optimize a model with 36488 rows, 20720 columns and 120328 nonzeros (Max)
Model fingerprint: 0x26f2bfc1
Model has 19385 linear objective coefficients
Variable types: 20480 continuous, 240 integer (240 binary)
Coefficient statistics:
  Matrix range     [1e+00, 7e+01]
  Objective range  [2e-01, 3e+04]
  Bounds range     [1e+00, 1e+00]
  RHS range        [1e+00, 7e+01]

Found heuristic solution: objective -0.0000000
Presolve removed 9381 rows and 5683 columns
Presolve time: 0.32s
Presolved: 27107 rows, 15037 columns, 97797 nonzeros
Variable types: 14832 continuous, 205 integer (205 binary)

Root relaxation: objective 1.982962e+05, 40758 iterations, 3.32 seconds (2.16 work units)

    Nodes    |    Current Node    |     Objective Bounds      |     Work
 Expl Unexpl |  Obj  Depth IntInf | Incumbent    BestBd   Gap | It/Node Time

     0     0 198296.241    0   59   -0.00000 198296.241      -     -    3s
H    0     0                    149018.40016 198296.241  33.1%     -    4s
H    0     0                    168859.20633 198296.241  17.4%     -    4s
H    0     0                    172187.38486 196732.287  14.3%     -    5s
     0     0 196732.287    0   78 172187.385 196732.287  14.3%     -    5s
H    0     0                    179412.03740 196038.484  9.27%     -    6s
     0     0 196038.484    0   74 179412.037 196038.484  9.27%     -    7s
     0     0 196016.183    0   74 179412.037 196016.183  9.25%     -    7s
     0     0 195993.309    0   75 179412.037 195993.309  9.24%     -    7s
     0     0 195987.479    0   62 179412.037 195987.479  9.24%     -    8s
     0     0 195987.479    0   62 179412.037 195987.479  9.24%     -    8s
H    0     0                    184486.76196 195982.385  6.23%     -    9s
H    0     0                    186672.58146 195982.385  4.99%     -    9s
     0     0 195982.385    0   62 186672.581 195982.385  4.99%     -    9s
     0     0 195973.429    0   71 186672.581 195973.429  4.98%     -   10s
     0     0 195973.429    0   63 186672.581 195973.429  4.98%     -   10s
     0     0 195962.026    0   65 186672.581 195962.026  4.98%     -   11s
     0     0 195886.179    0   82 186672.581 195886.179  4.94%     -   12s
     0     0 195883.680    0   67 186672.581 195883.680  4.93%     -   13s
H    0     0                    186700.89994 195881.975  4.92%     -   13s
     0     0 195881.975    0   90 186700.900 195881.975  4.92%     -   13s
H    0     0                    186776.16088 195844.896  4.86%     -   13s
     0     0 195844.896    0   87 186776.161 195844.896  4.86%     -   13s
     0     0 195844.172    0   86 186776.161 195844.172  4.86%     -   14s
H    0     0                    187387.61331 195844.172  4.51%     -   14s
     0     0 195844.172    0   88 187387.613 195844.172  4.51%     -   14s
H    0     0                    187774.17877 195844.172  4.30%     -   14s
H    0     0                    187831.66543 195844.172  4.27%     -   14s
H    0     0                    187956.93742 195844.172  4.20%     -   14s
     0     0 195748.305    0   94 187956.937 195748.305  4.15%     -   15s
     0     0 195713.780    0   75 187956.937 195713.780  4.13%     -   16s
     0     0 195704.616    0   76 187956.937 195704.616  4.12%     -   17s
     0     0 195704.396    0   75 187956.937 195704.396  4.12%     -   17s
     0     0 195685.594    0   80 187956.937 195685.594  4.11%     -   17s
H    0     0                    187985.68074 195536.770  4.02%     -   19s
H    0     0                    188384.30169 195536.770  3.80%     -   19s
     0     0 195536.770    0   82 188384.302 195536.770  3.80%     -   19s
H    0     0                    188413.04502 195536.406  3.78%     -   19s
     0     0 195536.406    0   93 188413.045 195536.406  3.78%     -   19s
     0     0 195535.837    0   90 188413.045 195535.837  3.78%     -   20s
     0     0 195535.837    0   88 188413.045 195535.837  3.78%     -   20s
     0     0 195526.483    0   80 188413.045 195526.483  3.78%     -   21s
     0     0 195486.033    0   91 188413.045 195486.033  3.75%     -   21s
     0     0 195463.393    0   87 188413.045 195463.393  3.74%     -   21s
     0     0 195458.707    0   91 188413.045 195458.707  3.74%     -   22s
     0     0 195458.707    0   91 188413.045 195458.707  3.74%     -   22s
     0     0 195369.332    0   89 188413.045 195369.332  3.69%     -   22s
     0     0 195293.955    0   91 188413.045 195293.955  3.65%     -   23s
     0     0 195247.624    0   93 188413.045 195247.624  3.63%     -   24s
     0     0 195212.035    0   90 188413.045 195212.035  3.61%     -   24s
     0     0 195168.293    0   84 188413.045 195168.293  3.59%     -   25s
     0     0 195155.653    0   84 188413.045 195155.653  3.58%     -   25s
     0     0 195155.653    0   67 188413.045 195155.653  3.58%     -   31s
     0     2 195155.653    0   67 188413.045 195155.653  3.58%     -   35s
    45     6 189405.261    8   42 188413.045 190209.219  0.95%  1568   40s

Cutting planes:
  Gomory: 8
  Implied bound: 47
  MIR: 1149
  Flow cover: 1686
  RLT: 5
  Relax-and-lift: 28

Explored 109 nodes (242187 simplex iterations) in 43.13 seconds (35.94 work units)
Thread count was 8 (of 8 available processors)

Solution count 10: 188413 188384 187986 ... 184487

Optimal solution found (tolerance 1.00e-04)
Best objective 1.884130450167e+05, best bound 1.884130450167e+05, gap 0.0000%
Set parameter OutputFlag to value 1
Set parameter Threads to value 8
Set parameter TimeLimit to value 180
Gurobi Optimizer version 13.0.1 build v13.0.1rc0 (mac64[rosetta2] - Darwin 24.6.0 24G720)

CPU model: Apple M1
Thread count: 8 physical cores, 8 logical processors, using up to 8 threads

Non-default parameters:
TimeLimit  180
Threads  8

Optimize a model with 34600 rows, 20528 columns and 102120 nonzeros (Max)
Model fingerprint: 0xccc51fb5
Model has 19237 linear objective coefficients
Variable types: 20480 continuous, 48 integer (48 binary)
Coefficient statistics:
  Matrix range     [1e+00, 7e+01]
  Objective range  [2e-01, 3e+04]
  Bounds range     [1e+00, 1e+00]
  RHS range        [1e+00, 7e+01]

Found heuristic solution: objective -0.0000000
Presolve removed 22864 rows and 12019 columns
Presolve time: 0.11s
Presolved: 11736 rows, 8509 columns, 36122 nonzeros
Variable types: 8472 continuous, 37 integer (37 binary)

Root relaxation: objective 1.837456e+05, 13230 iterations, 0.21 seconds (0.25 work units)

    Nodes    |    Current Node    |     Objective Bounds      |     Work
 Expl Unexpl |  Obj  Depth IntInf | Incumbent    BestBd   Gap | It/Node Time

     0     0 183745.574    0    8   -0.00000 183745.574      -     -    0s
H    0     0                    134228.66238 183745.574  36.9%     -    0s
H    0     0                    163586.50076 183745.574  12.3%     -    0s
H    0     0                    168664.16690 183745.574  8.94%     -    0s
     0     0 182882.921    0   12 168664.167 182882.921  8.43%     -    0s
     0     0 182651.903    0    7 168664.167 182651.903  8.29%     -    0s
     0     0 182651.903    0   11 168664.167 182651.903  8.29%     -    1s
H    0     0                    180478.81369 182651.883  1.20%     -    1s
     0     0 182651.883    0   16 180478.814 182651.883  1.20%     -    1s
H    0     0                    180499.56678 182363.491  1.03%     -    1s
H    0     0                    180502.65518 182363.491  1.03%     -    1s
     0     0 180519.888    0   23 180502.655 180519.888  0.01%     -    1s

Cutting planes:
  Gomory: 7
  MIR: 502
  Flow cover: 943
  Relax-and-lift: 1

Explored 1 nodes (31116 simplex iterations) in 1.47 seconds (1.23 work units)
Thread count was 8 (of 8 available processors)

Solution count 7: 180503 180500 180479 ... -0

Optimal solution found (tolerance 1.00e-04)
Best objective 1.805026551766e+05, best bound 1.805198875150e+05, gap 0.0095%
